******************************************************************************
             TMS320C2000 Linker PC v20.2.0                     
******************************************************************************
>> Linked Sat Apr  4 22:34:47 2020

OUTPUT FILE NAME:   <cla_ex1_asin.out>
ENTRY POINT SYMBOL: "code_start"  address: 00080000


MEMORY CONFIGURATION

         name            origin    length      used     unused   attr    fill
----------------------  --------  ---------  --------  --------  ----  --------
PAGE 0:
  RAMM0                 00000123   000002dd  00000000  000002dd  RWIX
  RAMLS0                00008000   00000800  00000180  00000680  RWIX
  RAMLS1                00008800   00000800  0000010c  000006f4  RWIX
  RAMLS4_5              0000a000   00001000  000000b8  00000f48  RWIX
  RAMD0                 0000b000   00000800  0000012f  000006d1  RWIX
  RAMGS14               0001a000   00001000  00000000  00001000  RWIX
  RAMGS15               0001b000   00000ff8  00000000  00000ff8  RWIX
  BEGIN                 00080000   00000002  00000002  00000000  RWIX
  FLASHA                00080002   00001ffe  00000000  00001ffe  RWIX
  FLASHB                00082000   00002000  0000107c  00000f84  RWIX
  FLASHC                00084000   00002000  00000000  00002000  RWIX
  FLASHD                00086000   00002000  000001e7  00001e19  RWIX
  FLASHE                00088000   00008000  00000000  00008000  RWIX
  FLASHF                00090000   00008000  00000000  00008000  RWIX
  FLASHG                00098000   00008000  00000000  00008000  RWIX
  FLASHH                000a0000   00008000  00000000  00008000  RWIX
  FLASHI                000a8000   00008000  00000000  00008000  RWIX
  FLASHJ                000b0000   00008000  00000000  00008000  RWIX
  FLASHK                000b8000   00002000  00000000  00002000  RWIX
  FLASHL                000ba000   00002000  00000000  00002000  RWIX
  FLASHM                000bc000   00002000  00000000  00002000  RWIX
  FLASHN                000be000   00001ff0  00000000  00001ff0  RWIX
  RESET                 003fffc0   00000002  00000000  00000002  RWIX

PAGE 1:
  BOOT_RSVD             00000002   00000121  00000000  00000121  RWIX
  RAMM1                 00000400   000003f8  00000100  000002f8  RWIX
  CLA1_MSGRAMLOW        00001480   00000080  00000002  0000007e  RWIX
  CLA1_MSGRAMHIGH       00001500   00000080  00000002  0000007e  RWIX
  EMIF2_CS2n            00002000   00001000  00000000  00001000  RWIX
  RAMLS2                00009000   00000800  00000110  000006f0  RWIX
  RAMLS3                00009800   00000800  00000000  00000800  RWIX
  RAMGS0                0000c000   00001000  00000000  00001000  RWIX
  RAMGS1                0000d000   00001000  00000000  00001000  RWIX
  RAMGS2                0000e000   00001000  00000000  00001000  RWIX
  RAMGS3                0000f000   00001000  00000000  00001000  RWIX
  RAMGS4                00010000   00001000  00000000  00001000  RWIX
  RAMGS5                00011000   00001000  00000000  00001000  RWIX
  RAMGS6                00012000   00001000  00000000  00001000  RWIX
  RAMGS7                00013000   00001000  00000000  00001000  RWIX
  RAMGS8                00014000   00001000  00000000  00001000  RWIX
  RAMGS9                00015000   00001000  00000000  00001000  RWIX
  RAMGS10               00016000   00001000  00000000  00001000  RWIX
  RAMGS11               00017000   00001000  00000000  00001000  RWIX
  RAMGS12               00018000   00001000  00000000  00001000  RWIX
  RAMGS13               00019000   00001000  00000000  00001000  RWIX
  EMIF1_CS2n            00100000   00200000  00000000  00200000  RWIX
  EMIF1_CS3n            00300000   00080000  00000000  00080000  RWIX
  EMIF1_CS4n            00380000   00060000  00000000  00060000  RWIX
  EMIF1_CS0n            80000000   10000000  00000000  10000000  RWIX
  EMIF2_CS0n            90000000   10000000  00000000  10000000  RWIX


SECTION ALLOCATION MAP

 output                                  attributes/
section   page    origin      length       input sections
--------  ----  ----------  ----------   ----------------
CLADataLS0 
*          0    00008000    00000180     UNINITIALIZED
                  00008000    00000180     cla_ex1_asin.obj (CLADataLS0)

codestart 
*          0    00080000    00000002     
                  00080000    00000002     F2837xD_CodeStartBranch.obj (codestart)

.text      0    00082000    00000c33     
                  00082000    0000024c     device.obj (.text)
                  0008224c    0000021f     driverlib_eabi.lib : sysctl.obj (.text:SysCtl_setClock)
                  0008246b    00000215     cla_ex1_asin.obj (.text)
                  00082680    000000b9     cla_ex1_asin.obj (.text:retain)
                  00082739    00000092     driverlib_eabi.lib : memcfg.obj (.text:MemCfg_getInitStatus)
                  000827cb    00000088     rts2800_fpu32_eabi.lib : fs_div28.asm.obj (.text)
                  00082853    00000078     driverlib_eabi.lib : memcfg.obj (.text:MemCfg_initSections)
                  000828cb    00000068                        : sysctl.obj (.text:SysCtl_getDeviceParametric)
                  00082933    0000005e                        : sysctl.obj (.text:SysCtl_selectOscSource)
                  00082991    00000051                        : sysctl.obj (.text:SysCtl_getClock)
                  000829e2    0000003d                        : interrupt.obj (.text:Interrupt_initModule)
                  00082a1f    00000038                        : memcfg.obj (.text:MemCfg_setLSRAMMasterSel)
                  00082a57    00000034                        : interrupt.obj (.text:Interrupt_enable)
                  00082a8b    00000031     rts2800_fpu32_eabi.lib : copy_decompress_lzss.c.obj (.text:decompress:lzss)
                  00082abc    0000002b                            : autoinit.c.obj (.text:__TI_auto_init_nobinit_nopinit)
                  00082ae7    00000029                            : exit.c.obj (.text)
                  00082b10    00000028     driverlib_eabi.lib : flash.obj (.text:Flash_setBankPowerUpDelay)
                  00082b38    00000020                        : interrupt.obj (.text:Interrupt_initVectorTable)
                  00082b58    0000001d     rts2800_fpu32_eabi.lib : memcpy.c.obj (.text)
                  00082b75    0000001a     driverlib_eabi.lib : sysctl.obj (.text:SysCtl_getLowSpeedClock)
                  00082b8f    00000017     rts2800_fpu32_eabi.lib : boot28.asm.obj (.text)
                  00082ba6    00000010     driverlib_eabi.lib : flash.obj (.text:Flash_isCtrlBaseValid)
                  00082bb6    00000010                        : flash.obj (.text:Flash_isECCBaseValid)
                  00082bc6    0000000e                        : interrupt.obj (.text:Interrupt_defaultHandler)
                  00082bd4    0000000d                        : interrupt.obj (.text:Interrupt_disableMaster)
                  00082be1    0000000d                        : interrupt.obj (.text:Interrupt_enableMaster)
                  00082bee    0000000d     rts2800_fpu32_eabi.lib : copy_zero_init.c.obj (.text:decompress:ZI:__TI_zero_init_nomemset)
                  00082bfb    0000000c                            : args_main.c.obj (.text)
                  00082c07    0000000b     driverlib_eabi.lib : sysctl.obj (.text:SysCtl_isMCDClockFailureDetected)
                  00082c12    00000009                        : sysctl.obj (.text:SysCtl_serviceWatchdog)
                  00082c1b    00000009     rts2800_fpu32_eabi.lib : _lock.c.obj (.text)
                  00082c24    00000008                            : copy_decompress_none.c.obj (.text:decompress:none)
                  00082c2c    00000002     driverlib_eabi.lib : interrupt.obj (.text:Interrupt_illegalOperationHandler)
                  00082c2e    00000002                        : interrupt.obj (.text:Interrupt_nmiHandler)
                  00082c30    00000002     rts2800_fpu32_eabi.lib : pre_init.c.obj (.text)
                  00082c32    00000001                            : startup.c.obj (.text)

.cinit     0    00082e40    00000244     
                  00082e40    00000184     (.cinit.CLADataLS0.load) [load image]
                  00082fc4    00000092     (.cinit..data.load) [load image, compression = lzss]
                  00083056    00000006     (__TI_handler_table)
                  0008305c    00000004     (.cinit..bss.load) [load image, compression = zero_init]
                  00083060    00000004     (.cinit..scratchpad.load) [load image, compression = zero_init]
                  00083064    00000004     (.cinit.Cla1ToCpuMsgRAM.load) [load image, compression = zero_init]
                  00083068    00000004     (.cinit.CpuToCla1MsgRAM.load) [load image, compression = zero_init]
                  0008306c    00000018     (__TI_cinit_table)

.stack     1    00000400    00000100     UNINITIALIZED
                  00000400    00000100     --HOLE--

.init_array 
*          0    00082000    00000000     UNINITIALIZED

.bss       1    00009090    00000080     UNINITIALIZED
                  00009090    00000080     cla_ex1_asin.obj (.bss:y)

.data      1    00009000    00000090     UNINITIALIZED
                  00009000    00000080     cla_ex1_asin.obj (.data:asin_expected)
                  00009080    00000006     device.obj (.data)
                  00009086    00000006     rts2800_fpu32_eabi.lib : exit.c.obj (.data)
                  0000908c    00000002                            : _lock.c.obj (.data:_lock)
                  0000908e    00000002                            : _lock.c.obj (.data:_unlock)

.const     0    00082c38    00000205     
                  00082c38    000000b3     driverlib_eabi.lib : flash.obj (.const:.string)
                  00082ceb    00000001     --HOLE-- [fill = 0]
                  00082cec    0000008a     cla_ex1_asin.obj (.const:.string)
                  00082d76    0000005a     driverlib_eabi.lib : memcfg.obj (.const:.string)
                  00082dd0    0000005a                        : sysctl.obj (.const:.string)
                  00082e2a    00000013     device.obj (.const:.string)

.reset     0    003fffc0    00000000     DSECT

Cla1Prog   0    00086000    000000b8     RUN ADDR = 0000a000
                  00086000    00000080     asin.obj (Cla1Prog:Cla1Task1)
                  00086080    00000008     asin.obj (Cla1Prog:Cla1Task2)
                  00086088    00000008     asin.obj (Cla1Prog:Cla1Task3)
                  00086090    00000008     asin.obj (Cla1Prog:Cla1Task4)
                  00086098    00000008     asin.obj (Cla1Prog:Cla1Task5)
                  000860a0    00000008     asin.obj (Cla1Prog:Cla1Task6)
                  000860a8    00000008     asin.obj (Cla1Prog:Cla1Task7)
                  000860b0    00000008     asin.obj (Cla1Prog:Cla1Task8)

.TI.ramfunc 
*          0    000860b8    0000012f     RUN ADDR = 0000b000
                  000860b8    00000043     driverlib_eabi.lib : flash.obj (.TI.ramfunc:Flash_initModule)
                  000860fb    0000002d                        : flash.obj (.TI.ramfunc:Flash_setBankPowerMode)
                  00086128    00000026                        : flash.obj (.TI.ramfunc:Flash_setWaitstates)
                  0008614e    0000001e                        : flash.obj (.TI.ramfunc:Flash_setPumpPowerMode)
                  0008616c    00000018                        : flash.obj (.TI.ramfunc:Flash_disableCache)
                  00086184    00000018                        : flash.obj (.TI.ramfunc:Flash_disablePrefetch)
                  0008619c    00000018                        : flash.obj (.TI.ramfunc:Flash_enableCache)
                  000861b4    00000018                        : flash.obj (.TI.ramfunc:Flash_enablePrefetch)
                  000861cc    00000017                        : flash.obj (.TI.ramfunc:Flash_enableECC)
                  000861e3    00000004                        : sysctl.obj (.TI.ramfunc)

Cla1ToCpuMsgRAM 
*          1    00001480    00000002     UNINITIALIZED
                  00001480    00000002     cla_ex1_asin.obj (Cla1ToCpuMsgRAM)

CpuToCla1MsgRAM 
*          1    00001500    00000002     UNINITIALIZED
                  00001500    00000002     cla_ex1_asin.obj (CpuToCla1MsgRAM)

CLAscratch 
*          0    00008800    00000100     UNINITIALIZED
                  00008800    00000100     --HOLE--

.scratchpad 
*          0    00008900    0000000c     UNINITIALIZED
                  00008900    0000000c     asin.obj (.scratchpad:Cla1Prog:Cla1Task1)

.const_cla 
*          0    00008800    00000000     UNINITIALIZED

MODULE SUMMARY

       Module                        code   ro data   rw data
       ------                        ----   -------   -------
    .\
       cla_ex1_asin.obj              718    138       644    
       asin.obj                      368    0         12     
    +--+-----------------------------+------+---------+---------+
       Total:                        1086   138       656    
                                                             
    .\device\
       device.obj                    588    19        6      
       F2837xD_CodeStartBranch.obj   2      0         0      
    +--+-----------------------------+------+---------+---------+
       Total:                        590    19        6      
                                                             
    C:\ti\c2000\C2000Ware_3_01_00_00\driverlib\f2837xd\driverlib\ccs\Debug\driverlib_eabi.lib
       sysctl.obj                    876    90        0      
       flash.obj                     670    179       0      
       memcfg.obj                    322    90        0      
       interrupt.obj                 189    0         0      
    +--+-----------------------------+------+---------+---------+
       Total:                        2057   359       0      
                                                             
    C:\ti\ccs1000\ccs\tools\compiler\ti-cgt-c2000_20.2.0.LTS\lib\rts2800_fpu32_eabi.lib
       fs_div28.asm.obj              136    0         0      
       copy_decompress_lzss.c.obj    49     0         0      
       exit.c.obj                    41     0         6      
       autoinit.c.obj                43     0         0      
       memcpy.c.obj                  29     0         0      
       boot28.asm.obj                23     0         0      
       _lock.c.obj                   9      0         4      
       copy_zero_init.c.obj          13     0         0      
       args_main.c.obj               12     0         0      
       copy_decompress_none.c.obj    8      0         0      
       pre_init.c.obj                2      0         0      
       startup.c.obj                 1      0         0      
    +--+-----------------------------+------+---------+---------+
       Total:                        366    0         10     
                                                             
       Stack:                        0      0         256    
       Linker Generated:             0      580       0      
    +--+-----------------------------+------+---------+---------+
       Grand Total:                  4099   1096      928    


LINKER GENERATED COPY TABLES

__TI_cinit_table @ 0008306c records: 6, size/record: 4, table size: 24
	CLADataLS0: load addr=00082e40, load size=00000184 bytes, run addr=00008000, run size=00000180 bytes, compression=copy
	.data: load addr=00082fc4, load size=00000092 bytes, run addr=00009000, run size=00000090 bytes, compression=lzss
	.bss: load addr=0008305c, load size=00000004 bytes, run addr=00009090, run size=00000080 bytes, compression=zero_init
	.scratchpad: load addr=00083060, load size=00000004 bytes, run addr=00008900, run size=0000000c bytes, compression=zero_init
	Cla1ToCpuMsgRAM: load addr=00083064, load size=00000004 bytes, run addr=00001480, run size=00000002 bytes, compression=zero_init
	CpuToCla1MsgRAM: load addr=00083068, load size=00000004 bytes, run addr=00001500, run size=00000002 bytes, compression=zero_init


LINKER GENERATED HANDLER TABLE

__TI_handler_table @ 00083056 records: 3, size/record: 2, table size: 6
	index: 0, handler: __TI_zero_init
	index: 1, handler: __TI_decompress_lzss
	index: 2, handler: __TI_decompress_none


GLOBAL DATA SYMBOLS: SORTED BY DATA PAGE

address     data page           name
--------    ----------------    ----
00000400      10 (00000400)     __stack

00001480      52 (00001480)     fResult

00001500      54 (00001500)     fVal

00008000     200 (00008000)     CLAasinTable

00009000     240 (00009000)     asin_expected

00009080     242 (00009080)     Example_Result
00009082     242 (00009080)     Example_PassCount
00009084     242 (00009080)     Example_Fail
00009086     242 (00009080)     __TI_enable_exit_profile_output
00009088     242 (00009080)     __TI_cleanup_ptr
0000908a     242 (00009080)     __TI_dtors_ptr
0000908c     242 (00009080)     _lock
0000908e     242 (00009080)     _unlock
00009090     242 (00009080)     y


GLOBAL SYMBOLS: SORTED ALPHABETICALLY BY Name 

page  address   name                                     
----  -------   ----                                     
0     00082ae7  C$$EXIT                                  
abs   00000100  CLA_SCRATCHPAD_SIZE                      
0     0008257e  CLA_configClaMemory                      
0     000825d3  CLA_initCpu1Cla1                         
0     00082520  CLA_runTest                              
0     00008000  CLAasinTable                             
0     0000a000  Cla1Task1                                
0     0000a080  Cla1Task2                                
0     0000a088  Cla1Task3                                
0     0000a090  Cla1Task4                                
0     0000a098  Cla1Task5                                
0     0000a0a0  Cla1Task6                                
0     0000a0a8  Cla1Task7                                
0     0000a0b0  Cla1Task8                                
0     000860b8  Cla1funcsLoadEnd                         
abs   000000b8  Cla1funcsLoadSize                        
0     00086000  Cla1funcsLoadStart                       
0     0000a000  Cla1funcsRunStart                        
0     00082209  Device_configureTMXAnalogTrim            
0     000820ad  Device_enableAllPeripherals              
0     000821f3  Device_enableUnbondedGPIOPullups         
0     000821d0  Device_enableUnbondedGPIOPullupsFor100Pin
0     000821b9  Device_enableUnbondedGPIOPullupsFor176Pin
0     0008205a  Device_init                              
0     00082198  Device_initGPIO                          
1     00009084  Example_Fail                             
1     00009082  Example_PassCount                        
1     00009080  Example_Result                           
0     0008224b  Example_done                             
0     00082246  Example_setResultFail                    
0     00082241  Example_setResultPass                    
0     0000b000  Flash_initModule                         
0     00082a57  Interrupt_enable                         
0     000829e2  Interrupt_initModule                     
0     00082b38  Interrupt_initVectorTable                
0     00082739  MemCfg_getInitStatus                     
0     00082853  MemCfg_initSections                      
0     00082a1f  MemCfg_setLSRAMMasterSel                 
0     000861e7  RamfuncsLoadEnd                          
abs   0000012f  RamfuncsLoadSize                         
0     000860b8  RamfuncsLoadStart                        
0     0000b12f  RamfuncsRunEnd                           
abs   0000012f  RamfuncsRunSize                          
0     0000b000  RamfuncsRunStart                         
0     0000b12b  SysCtl_delay                             
0     00082991  SysCtl_getClock                          
0     000828cb  SysCtl_getDeviceParametric               
0     00082b75  SysCtl_getLowSpeedClock                  
0     00082933  SysCtl_selectOscSource                   
0     0008224c  SysCtl_setClock                          
abs   00000000  _Cla1ConstLoadSize                       
0     00008800  _Cla1ConstLoadStart                      
0     00008800  _Cla1ConstRunStart                       
0     0008306c  __TI_CINIT_Base                          
0     00083084  __TI_CINIT_Limit                         
0     00083056  __TI_Handler_Table_Base                  
0     0008305c  __TI_Handler_Table_Limit                 
1     00000500  __TI_STACK_END                           
abs   00000100  __TI_STACK_SIZE                          
0     00082abc  __TI_auto_init_nobinit_nopinit           
1     00009088  __TI_cleanup_ptr                         
0     00082a8b  __TI_decompress_lzss                     
0     00082c24  __TI_decompress_none                     
1     0000908a  __TI_dtors_ptr                           
1     00009086  __TI_enable_exit_profile_output          
abs   ffffffff  __TI_pprof_out_hndl                      
abs   ffffffff  __TI_prof_data_size                      
abs   ffffffff  __TI_prof_data_start                     
0     00082bee  __TI_zero_init_nomemset                  
0     000827cb  __c28xabi_divf                           
n/a   UNDEFED   __c_args__                               
0     0008223a  __error__                                
1     00000400  __stack                                  
0     00082bfb  _args_main                               
0     00082b8f  _c_int00                                 
1     0000908c  _lock                                    
0     00082c23  _nop                                     
0     00082c1f  _register_lock                           
0     00082c1b  _register_unlock                         
0     00082c32  _system_post_cinit                       
0     00082c30  _system_pre_init                         
1     0000908e  _unlock                                  
0     00082ae7  abort                                    
1     00009000  asin_expected                            
0     00082680  cla1Isr1                                 
0     000826b0  cla1Isr2                                 
0     000826bf  cla1Isr3                                 
0     000826ce  cla1Isr4                                 
0     000826dd  cla1Isr5                                 
0     000826ec  cla1Isr6                                 
0     000826fb  cla1Isr7                                 
0     0008270a  cla1Isr8                                 
0     00080000  code_start                               
0     00082ae9  exit                                     
1     00001480  fResult                                  
1     00001500  fVal                                     
0     00082510  main                                     
0     00082b58  memcpy                                   
1     00009090  y                                        


GLOBAL SYMBOLS: SORTED BY Symbol Address 

page  address   name                                     
----  -------   ----                                     
0     00008000  CLAasinTable                             
0     00008800  _Cla1ConstLoadStart                      
0     00008800  _Cla1ConstRunStart                       
0     0000a000  Cla1Task1                                
0     0000a000  Cla1funcsRunStart                        
0     0000a080  Cla1Task2                                
0     0000a088  Cla1Task3                                
0     0000a090  Cla1Task4                                
0     0000a098  Cla1Task5                                
0     0000a0a0  Cla1Task6                                
0     0000a0a8  Cla1Task7                                
0     0000a0b0  Cla1Task8                                
0     0000b000  Flash_initModule                         
0     0000b000  RamfuncsRunStart                         
0     0000b12b  SysCtl_delay                             
0     0000b12f  RamfuncsRunEnd                           
0     00080000  code_start                               
0     0008205a  Device_init                              
0     000820ad  Device_enableAllPeripherals              
0     00082198  Device_initGPIO                          
0     000821b9  Device_enableUnbondedGPIOPullupsFor176Pin
0     000821d0  Device_enableUnbondedGPIOPullupsFor100Pin
0     000821f3  Device_enableUnbondedGPIOPullups         
0     00082209  Device_configureTMXAnalogTrim            
0     0008223a  __error__                                
0     00082241  Example_setResultPass                    
0     00082246  Example_setResultFail                    
0     0008224b  Example_done                             
0     0008224c  SysCtl_setClock                          
0     00082510  main                                     
0     00082520  CLA_runTest                              
0     0008257e  CLA_configClaMemory                      
0     000825d3  CLA_initCpu1Cla1                         
0     00082680  cla1Isr1                                 
0     000826b0  cla1Isr2                                 
0     000826bf  cla1Isr3                                 
0     000826ce  cla1Isr4                                 
0     000826dd  cla1Isr5                                 
0     000826ec  cla1Isr6                                 
0     000826fb  cla1Isr7                                 
0     0008270a  cla1Isr8                                 
0     00082739  MemCfg_getInitStatus                     
0     000827cb  __c28xabi_divf                           
0     00082853  MemCfg_initSections                      
0     000828cb  SysCtl_getDeviceParametric               
0     00082933  SysCtl_selectOscSource                   
0     00082991  SysCtl_getClock                          
0     000829e2  Interrupt_initModule                     
0     00082a1f  MemCfg_setLSRAMMasterSel                 
0     00082a57  Interrupt_enable                         
0     00082a8b  __TI_decompress_lzss                     
0     00082abc  __TI_auto_init_nobinit_nopinit           
0     00082ae7  C$$EXIT                                  
0     00082ae7  abort                                    
0     00082ae9  exit                                     
0     00082b38  Interrupt_initVectorTable                
0     00082b58  memcpy                                   
0     00082b75  SysCtl_getLowSpeedClock                  
0     00082b8f  _c_int00                                 
0     00082bee  __TI_zero_init_nomemset                  
0     00082bfb  _args_main                               
0     00082c1b  _register_unlock                         
0     00082c1f  _register_lock                           
0     00082c23  _nop                                     
0     00082c24  __TI_decompress_none                     
0     00082c30  _system_pre_init                         
0     00082c32  _system_post_cinit                       
0     00083056  __TI_Handler_Table_Base                  
0     0008305c  __TI_Handler_Table_Limit                 
0     0008306c  __TI_CINIT_Base                          
0     00083084  __TI_CINIT_Limit                         
0     00086000  Cla1funcsLoadStart                       
0     000860b8  Cla1funcsLoadEnd                         
0     000860b8  RamfuncsLoadStart                        
0     000861e7  RamfuncsLoadEnd                          
1     00000400  __stack                                  
1     00000500  __TI_STACK_END                           
1     00001480  fResult                                  
1     00001500  fVal                                     
1     00009000  asin_expected                            
1     00009080  Example_Result                           
1     00009082  Example_PassCount                        
1     00009084  Example_Fail                             
1     00009086  __TI_enable_exit_profile_output          
1     00009088  __TI_cleanup_ptr                         
1     0000908a  __TI_dtors_ptr                           
1     0000908c  _lock                                    
1     0000908e  _unlock                                  
1     00009090  y                                        
abs   00000000  _Cla1ConstLoadSize                       
abs   000000b8  Cla1funcsLoadSize                        
abs   00000100  CLA_SCRATCHPAD_SIZE                      
abs   00000100  __TI_STACK_SIZE                          
abs   0000012f  RamfuncsLoadSize                         
abs   0000012f  RamfuncsRunSize                          
abs   ffffffff  __TI_pprof_out_hndl                      
abs   ffffffff  __TI_prof_data_size                      
abs   ffffffff  __TI_prof_data_start                     
n/a   UNDEFED   __c_args__                               

[99 symbols]
