******************************************************************************
             TMS320C2000 Linker PC v20.2.0                     
******************************************************************************
>> Linked Sat Apr  4 19:34:52 2020

OUTPUT FILE NAME:   <cla_ex1_asin.out>
ENTRY POINT SYMBOL: "code_start"  address: 00000000


MEMORY CONFIGURATION

         name            origin    length      used     unused   attr    fill
----------------------  --------  ---------  --------  --------  ----  --------
PAGE 0:
  BEGIN                 00000000   00000002  00000002  00000000  RWIX
  RAMM0                 00000123   000002dd  00000248  00000095  RWIX
  RAMLS4_5              0000a000   00001000  000000b8  00000f48  RWIX
  RAMD0                 0000b000   00000800  00000800  00000000  RWIX
  RAMD1                 0000b800   00000800  000003e2  0000041e  RWIX
  RESET                 003fffc0   00000002  00000000  00000002  RWIX

PAGE 1:
  BOOT_RSVD             00000002   00000121  00000000  00000121  RWIX
  RAMM1                 00000400   000003f8  00000100  000002f8  RWIX
  CLA1_MSGRAMLOW        00001480   00000080  00000002  0000007e  RWIX
  CLA1_MSGRAMHIGH       00001500   00000080  00000002  0000007e  RWIX
  EMIF2_CS2n            00002000   00001000  00000000  00001000  RWIX
  RAMLS0                00008000   00000800  00000180  00000680  RWIX
  RAMLS1                00008800   00000800  0000010c  000006f4  RWIX
  RAMLS2                00009000   00000800  00000080  00000780  RWIX
  RAMLS3                00009800   00000800  000001e1  0000061f  RWIX
  RAMGS0                0000c000   00001000  00000000  00001000  RWIX
  RAMGS1                0000d000   00001000  00000000  00001000  RWIX
  RAMGS2                0000e000   00001000  00000000  00001000  RWIX
  RAMGS3                0000f000   00001000  00000000  00001000  RWIX
  RAMGS4                00010000   00001000  00000000  00001000  RWIX
  RAMGS5                00011000   00001000  00000000  00001000  RWIX
  RAMGS6                00012000   00001000  00000000  00001000  RWIX
  RAMGS7                00013000   00001000  00000000  00001000  RWIX
  RAMGS8                00014000   00001000  00000000  00001000  RWIX
  RAMGS9                00015000   00001000  00000000  00001000  RWIX
  RAMGS10               00016000   00001000  00000000  00001000  RWIX
  RAMGS11               00017000   00001000  00000000  00001000  RWIX
  RAMGS12               00018000   00001000  00000000  00001000  RWIX
  RAMGS13               00019000   00001000  00000000  00001000  RWIX
  RAMGS14               0001a000   00001000  00000000  00001000  RWIX
  RAMGS15               0001b000   00000ff8  00000000  00000ff8  RWIX
  CANA_MSG_RAM          00049000   00000800  00000000  00000800  RWIX
  CANB_MSG_RAM          0004b000   00000800  00000000  00000800  RWIX
  EMIF1_CS2n            00100000   00200000  00000000  00200000  RWIX
  EMIF1_CS3n            00300000   00080000  00000000  00080000  RWIX
  EMIF1_CS4n            00380000   00060000  00000000  00060000  RWIX
  EMIF1_CS0n            80000000   10000000  00000000  10000000  RWIX
  EMIF2_CS0n            90000000   10000000  00000000  10000000  RWIX


SECTION ALLOCATION MAP

 output                                  attributes/
section   page    origin      length       input sections
--------  ----  ----------  ----------   ----------------
codestart 
*          0    00000000    00000002     
                  00000000    00000002     F2837xD_CodeStartBranch.obj (codestart)

.cinit     0    00000128    00000244     
                  00000128    00000184     (.cinit.CLADataLS0.load) [load image]
                  000002ac    00000091     (.cinit..data.load) [load image, compression = lzss]
                  0000033d    00000001     --HOLE-- [fill = 0]
                  0000033e    00000006     (__TI_handler_table)
                  00000344    00000004     (.cinit..bss.load) [load image, compression = zero_init]
                  00000348    00000004     (.cinit..scratchpad.load) [load image, compression = zero_init]
                  0000034c    00000004     (.cinit.Cla1ToCpuMsgRAM.load) [load image, compression = zero_init]
                  00000350    00000004     (.cinit.CpuToCla1MsgRAM.load) [load image, compression = zero_init]
                  00000354    00000018     (__TI_cinit_table)

.reset     0    003fffc0    00000000     DSECT

.stack     1    00000400    00000100     UNINITIALIZED
                  00000400    00000100     --HOLE--

.bss       1    00009000    00000080     UNINITIALIZED
                  00009000    00000080     cla_ex1_asin.obj (.bss:y)

.init_array 
*          0    00000123    00000000     UNINITIALIZED

.const     1    00009800    00000151     
                  00009800    0000008a     cla_ex1_asin.obj (.const:.string)
                  0000988a    0000005a     driverlib_eabi.lib : memcfg.obj (.const:.string)
                  000098e4    0000005a                        : sysctl.obj (.const:.string)
                  0000993e    00000013     device.obj (.const:.string)

.data      1    00009952    00000090     UNINITIALIZED
                  00009952    00000080     cla_ex1_asin.obj (.data:asin_expected)
                  000099d2    00000006     device.obj (.data)
                  000099d8    00000006     rts2800_fpu32_eabi.lib : exit.c.obj (.data)
                  000099de    00000002                            : _lock.c.obj (.data:_lock)
                  000099e0    00000002                            : _lock.c.obj (.data:_unlock)

Cla1Prog   0    0000a000    000000b8     
                  0000a000    00000080     asin.obj (Cla1Prog:Cla1Task1)
                  0000a080    00000008     asin.obj (Cla1Prog:Cla1Task2)
                  0000a088    00000008     asin.obj (Cla1Prog:Cla1Task3)
                  0000a090    00000008     asin.obj (Cla1Prog:Cla1Task4)
                  0000a098    00000008     asin.obj (Cla1Prog:Cla1Task5)
                  0000a0a0    00000008     asin.obj (Cla1Prog:Cla1Task6)
                  0000a0a8    00000008     asin.obj (Cla1Prog:Cla1Task7)
                  0000a0b0    00000008     asin.obj (Cla1Prog:Cla1Task8)

CLADataLS0 
*          1    00008000    00000180     UNINITIALIZED
                  00008000    00000180     cla_ex1_asin.obj (CLADataLS0)

Cla1ToCpuMsgRAM 
*          1    00001480    00000002     UNINITIALIZED
                  00001480    00000002     cla_ex1_asin.obj (Cla1ToCpuMsgRAM)

CpuToCla1MsgRAM 
*          1    00001500    00000002     UNINITIALIZED
                  00001500    00000002     cla_ex1_asin.obj (CpuToCla1MsgRAM)

.TI.ramfunc 
*          0    00000123    00000004     
                  00000123    00000004     driverlib_eabi.lib : sysctl.obj (.TI.ramfunc)

CLAscratch 
*          1    00008800    00000100     UNINITIALIZED
                  00008800    00000100     --HOLE--

.scratchpad 
*          1    00008900    0000000c     UNINITIALIZED
                  00008900    0000000c     asin.obj (.scratchpad:Cla1Prog:Cla1Task1)

.text.1    0    0000b000    00000800     
                  0000b000    0000024d     device.obj (.text)
                  0000b24d    0000021f     driverlib_eabi.lib : sysctl.obj (.text:SysCtl_setClock)
                  0000b46c    0000020b     cla_ex1_asin.obj (.text)
                  0000b677    000000b9     cla_ex1_asin.obj (.text:retain)
                  0000b730    00000092     driverlib_eabi.lib : memcfg.obj (.text:MemCfg_getInitStatus)
                  0000b7c2    0000003d                        : interrupt.obj (.text:Interrupt_initModule)
                  0000b7ff    00000001     rts2800_fpu32_eabi.lib : startup.c.obj (.text)

.text.2    0    0000b800    000003e2     
                  0000b800    00000088     rts2800_fpu32_eabi.lib : fs_div28.asm.obj (.text)
                  0000b888    00000078     driverlib_eabi.lib : memcfg.obj (.text:MemCfg_initSections)
                  0000b900    00000068                        : sysctl.obj (.text:SysCtl_getDeviceParametric)
                  0000b968    0000005e                        : sysctl.obj (.text:SysCtl_selectOscSource)
                  0000b9c6    00000051                        : sysctl.obj (.text:SysCtl_getClock)
                  0000ba17    00000038                        : memcfg.obj (.text:MemCfg_setLSRAMMasterSel)
                  0000ba4f    00000034                        : interrupt.obj (.text:Interrupt_enable)
                  0000ba83    00000031     rts2800_fpu32_eabi.lib : copy_decompress_lzss.c.obj (.text:decompress:lzss)
                  0000bab4    0000002b                            : autoinit.c.obj (.text:__TI_auto_init_nobinit_nopinit)
                  0000badf    00000029                            : exit.c.obj (.text)
                  0000bb08    00000020     driverlib_eabi.lib : interrupt.obj (.text:Interrupt_initVectorTable)
                  0000bb28    0000001d     rts2800_fpu32_eabi.lib : memcpy.c.obj (.text)
                  0000bb45    0000001a     driverlib_eabi.lib : sysctl.obj (.text:SysCtl_getLowSpeedClock)
                  0000bb5f    00000017     rts2800_fpu32_eabi.lib : boot28.asm.obj (.text)
                  0000bb76    0000000e     driverlib_eabi.lib : interrupt.obj (.text:Interrupt_defaultHandler)
                  0000bb84    0000000d                        : interrupt.obj (.text:Interrupt_disableMaster)
                  0000bb91    0000000d                        : interrupt.obj (.text:Interrupt_enableMaster)
                  0000bb9e    0000000d     rts2800_fpu32_eabi.lib : copy_zero_init.c.obj (.text:decompress:ZI:__TI_zero_init_nomemset)
                  0000bbab    0000000c                            : args_main.c.obj (.text)
                  0000bbb7    0000000b     driverlib_eabi.lib : sysctl.obj (.text:SysCtl_isMCDClockFailureDetected)
                  0000bbc2    00000009                        : sysctl.obj (.text:SysCtl_serviceWatchdog)
                  0000bbcb    00000009     rts2800_fpu32_eabi.lib : _lock.c.obj (.text)
                  0000bbd4    00000008                            : copy_decompress_none.c.obj (.text:decompress:none)
                  0000bbdc    00000002     driverlib_eabi.lib : interrupt.obj (.text:Interrupt_illegalOperationHandler)
                  0000bbde    00000002                        : interrupt.obj (.text:Interrupt_nmiHandler)
                  0000bbe0    00000002     rts2800_fpu32_eabi.lib : pre_init.c.obj (.text)

MODULE SUMMARY

       Module                        code   ro data   rw data
       ------                        ----   -------   -------
    .\
       cla_ex1_asin.obj              708    138       644    
       asin.obj                      184    0         12     
    +--+-----------------------------+------+---------+---------+
       Total:                        892    138       656    
                                                             
    .\device\
       device.obj                    589    19        6      
       F2837xD_CodeStartBranch.obj   2      0         0      
    +--+-----------------------------+------+---------+---------+
       Total:                        591    19        6      
                                                             
    C:\ti\c2000\C2000Ware_3_01_00_00\driverlib\f2837xd\driverlib\ccs\Debug\driverlib_eabi.lib
       sysctl.obj                    872    90        0      
       memcfg.obj                    322    90        0      
       interrupt.obj                 189    0         0      
    +--+-----------------------------+------+---------+---------+
       Total:                        1383   180       0      
                                                             
    C:\ti\ccs1000\ccs\tools\compiler\ti-cgt-c2000_20.2.0.LTS\lib\rts2800_fpu32_eabi.lib
       fs_div28.asm.obj              136    0         0      
       copy_decompress_lzss.c.obj    49     0         0      
       exit.c.obj                    41     0         6      
       autoinit.c.obj                43     0         0      
       memcpy.c.obj                  29     0         0      
       boot28.asm.obj                23     0         0      
       _lock.c.obj                   9      0         4      
       copy_zero_init.c.obj          13     0         0      
       args_main.c.obj               12     0         0      
       copy_decompress_none.c.obj    8      0         0      
       pre_init.c.obj                2      0         0      
       startup.c.obj                 1      0         0      
    +--+-----------------------------+------+---------+---------+
       Total:                        366    0         10     
                                                             
       Stack:                        0      0         256    
       Linker Generated:             0      579       0      
    +--+-----------------------------+------+---------+---------+
       Grand Total:                  3232   916       928    


LINKER GENERATED COPY TABLES

__TI_cinit_table @ 00000354 records: 6, size/record: 4, table size: 24
	CLADataLS0: load addr=00000128, load size=00000184 bytes, run addr=00008000, run size=00000180 bytes, compression=copy
	.data: load addr=000002ac, load size=00000091 bytes, run addr=00009952, run size=00000090 bytes, compression=lzss
	.bss: load addr=00000344, load size=00000004 bytes, run addr=00009000, run size=00000080 bytes, compression=zero_init
	.scratchpad: load addr=00000348, load size=00000004 bytes, run addr=00008900, run size=0000000c bytes, compression=zero_init
	Cla1ToCpuMsgRAM: load addr=0000034c, load size=00000004 bytes, run addr=00001480, run size=00000002 bytes, compression=zero_init
	CpuToCla1MsgRAM: load addr=00000350, load size=00000004 bytes, run addr=00001500, run size=00000002 bytes, compression=zero_init


LINKER GENERATED HANDLER TABLE

__TI_handler_table @ 0000033e records: 3, size/record: 2, table size: 6
	index: 0, handler: __TI_zero_init
	index: 1, handler: __TI_decompress_lzss
	index: 2, handler: __TI_decompress_none


GLOBAL DATA SYMBOLS: SORTED BY DATA PAGE

address     data page           name
--------    ----------------    ----
00000400      10 (00000400)     __stack

00001480      52 (00001480)     fResult

00001500      54 (00001500)     fVal

00008000     200 (00008000)     CLAasinTable

00009000     240 (00009000)     y

00009952     265 (00009940)     asin_expected

000099d2     267 (000099c0)     Example_Result
000099d4     267 (000099c0)     Example_PassCount
000099d6     267 (000099c0)     Example_Fail
000099d8     267 (000099c0)     __TI_enable_exit_profile_output
000099da     267 (000099c0)     __TI_cleanup_ptr
000099dc     267 (000099c0)     __TI_dtors_ptr
000099de     267 (000099c0)     _lock
000099e0     267 (000099c0)     _unlock


GLOBAL SYMBOLS: SORTED ALPHABETICALLY BY Name 

page  address   name                                     
----  -------   ----                                     
0     0000badf  C$$EXIT                                  
abs   00000100  CLA_SCRATCHPAD_SIZE                      
0     0000b57f  CLA_configClaMemory                      
0     0000b5ca  CLA_initCpu1Cla1                         
0     0000b521  CLA_runTest                              
1     00008000  CLAasinTable                             
0     0000a000  Cla1Task1                                
0     0000a080  Cla1Task2                                
0     0000a088  Cla1Task3                                
0     0000a090  Cla1Task4                                
0     0000a098  Cla1Task5                                
0     0000a0a0  Cla1Task6                                
0     0000a0a8  Cla1Task7                                
0     0000a0b0  Cla1Task8                                
0     0000b20a  Device_configureTMXAnalogTrim            
0     0000b0ae  Device_enableAllPeripherals              
0     0000b1f4  Device_enableUnbondedGPIOPullups         
0     0000b1d1  Device_enableUnbondedGPIOPullupsFor100Pin
0     0000b1ba  Device_enableUnbondedGPIOPullupsFor176Pin
0     0000b06e  Device_init                              
0     0000b199  Device_initGPIO                          
1     000099d6  Example_Fail                             
1     000099d4  Example_PassCount                        
1     000099d2  Example_Result                           
0     0000b24c  Example_done                             
0     0000b247  Example_setResultFail                    
0     0000b242  Example_setResultPass                    
0     0000ba4f  Interrupt_enable                         
0     0000b7c2  Interrupt_initModule                     
0     0000bb08  Interrupt_initVectorTable                
0     0000b730  MemCfg_getInitStatus                     
0     0000b888  MemCfg_initSections                      
0     0000ba17  MemCfg_setLSRAMMasterSel                 
0     00000123  SysCtl_delay                             
0     0000b9c6  SysCtl_getClock                          
0     0000b900  SysCtl_getDeviceParametric               
0     0000bb45  SysCtl_getLowSpeedClock                  
0     0000b968  SysCtl_selectOscSource                   
0     0000b24d  SysCtl_setClock                          
0     00000354  __TI_CINIT_Base                          
0     0000036c  __TI_CINIT_Limit                         
0     0000033e  __TI_Handler_Table_Base                  
0     00000344  __TI_Handler_Table_Limit                 
1     00000500  __TI_STACK_END                           
abs   00000100  __TI_STACK_SIZE                          
0     0000bab4  __TI_auto_init_nobinit_nopinit           
1     000099da  __TI_cleanup_ptr                         
0     0000ba83  __TI_decompress_lzss                     
0     0000bbd4  __TI_decompress_none                     
1     000099dc  __TI_dtors_ptr                           
1     000099d8  __TI_enable_exit_profile_output          
abs   ffffffff  __TI_pprof_out_hndl                      
abs   ffffffff  __TI_prof_data_size                      
abs   ffffffff  __TI_prof_data_start                     
0     0000bb9e  __TI_zero_init_nomemset                  
0     0000b800  __c28xabi_divf                           
n/a   UNDEFED   __c_args__                               
0     0000b23b  __error__                                
1     00000400  __stack                                  
0     0000bbab  _args_main                               
0     0000bb5f  _c_int00                                 
1     000099de  _lock                                    
0     0000bbd3  _nop                                     
0     0000bbcf  _register_lock                           
0     0000bbcb  _register_unlock                         
0     0000b7ff  _system_post_cinit                       
0     0000bbe0  _system_pre_init                         
1     000099e0  _unlock                                  
0     0000badf  abort                                    
1     00009952  asin_expected                            
0     0000b677  cla1Isr1                                 
0     0000b6a7  cla1Isr2                                 
0     0000b6b6  cla1Isr3                                 
0     0000b6c5  cla1Isr4                                 
0     0000b6d4  cla1Isr5                                 
0     0000b6e3  cla1Isr6                                 
0     0000b6f2  cla1Isr7                                 
0     0000b701  cla1Isr8                                 
0     00000000  code_start                               
0     0000bae1  exit                                     
1     00001480  fResult                                  
1     00001500  fVal                                     
0     0000b511  main                                     
0     0000bb28  memcpy                                   
1     00009000  y                                        


GLOBAL SYMBOLS: SORTED BY Symbol Address 

page  address   name                                     
----  -------   ----                                     
0     00000000  code_start                               
0     00000123  SysCtl_delay                             
0     0000033e  __TI_Handler_Table_Base                  
0     00000344  __TI_Handler_Table_Limit                 
0     00000354  __TI_CINIT_Base                          
0     0000036c  __TI_CINIT_Limit                         
0     0000a000  Cla1Task1                                
0     0000a080  Cla1Task2                                
0     0000a088  Cla1Task3                                
0     0000a090  Cla1Task4                                
0     0000a098  Cla1Task5                                
0     0000a0a0  Cla1Task6                                
0     0000a0a8  Cla1Task7                                
0     0000a0b0  Cla1Task8                                
0     0000b06e  Device_init                              
0     0000b0ae  Device_enableAllPeripherals              
0     0000b199  Device_initGPIO                          
0     0000b1ba  Device_enableUnbondedGPIOPullupsFor176Pin
0     0000b1d1  Device_enableUnbondedGPIOPullupsFor100Pin
0     0000b1f4  Device_enableUnbondedGPIOPullups         
0     0000b20a  Device_configureTMXAnalogTrim            
0     0000b23b  __error__                                
0     0000b242  Example_setResultPass                    
0     0000b247  Example_setResultFail                    
0     0000b24c  Example_done                             
0     0000b24d  SysCtl_setClock                          
0     0000b511  main                                     
0     0000b521  CLA_runTest                              
0     0000b57f  CLA_configClaMemory                      
0     0000b5ca  CLA_initCpu1Cla1                         
0     0000b677  cla1Isr1                                 
0     0000b6a7  cla1Isr2                                 
0     0000b6b6  cla1Isr3                                 
0     0000b6c5  cla1Isr4                                 
0     0000b6d4  cla1Isr5                                 
0     0000b6e3  cla1Isr6                                 
0     0000b6f2  cla1Isr7                                 
0     0000b701  cla1Isr8                                 
0     0000b730  MemCfg_getInitStatus                     
0     0000b7c2  Interrupt_initModule                     
0     0000b7ff  _system_post_cinit                       
0     0000b800  __c28xabi_divf                           
0     0000b888  MemCfg_initSections                      
0     0000b900  SysCtl_getDeviceParametric               
0     0000b968  SysCtl_selectOscSource                   
0     0000b9c6  SysCtl_getClock                          
0     0000ba17  MemCfg_setLSRAMMasterSel                 
0     0000ba4f  Interrupt_enable                         
0     0000ba83  __TI_decompress_lzss                     
0     0000bab4  __TI_auto_init_nobinit_nopinit           
0     0000badf  C$$EXIT                                  
0     0000badf  abort                                    
0     0000bae1  exit                                     
0     0000bb08  Interrupt_initVectorTable                
0     0000bb28  memcpy                                   
0     0000bb45  SysCtl_getLowSpeedClock                  
0     0000bb5f  _c_int00                                 
0     0000bb9e  __TI_zero_init_nomemset                  
0     0000bbab  _args_main                               
0     0000bbcb  _register_unlock                         
0     0000bbcf  _register_lock                           
0     0000bbd3  _nop                                     
0     0000bbd4  __TI_decompress_none                     
0     0000bbe0  _system_pre_init                         
1     00000400  __stack                                  
1     00000500  __TI_STACK_END                           
1     00001480  fResult                                  
1     00001500  fVal                                     
1     00008000  CLAasinTable                             
1     00009000  y                                        
1     00009952  asin_expected                            
1     000099d2  Example_Result                           
1     000099d4  Example_PassCount                        
1     000099d6  Example_Fail                             
1     000099d8  __TI_enable_exit_profile_output          
1     000099da  __TI_cleanup_ptr                         
1     000099dc  __TI_dtors_ptr                           
1     000099de  _lock                                    
1     000099e0  _unlock                                  
abs   00000100  CLA_SCRATCHPAD_SIZE                      
abs   00000100  __TI_STACK_SIZE                          
abs   ffffffff  __TI_pprof_out_hndl                      
abs   ffffffff  __TI_prof_data_size                      
abs   ffffffff  __TI_prof_data_start                     
n/a   UNDEFED   __c_args__                               

[85 symbols]
