******************************************************************************
             TMS320C2000 Linker PC v20.2.0                     
******************************************************************************
>> Linked Tue Apr  7 20:55:07 2020

OUTPUT FILE NAME:   <cla_ex1_asin.out>
ENTRY POINT SYMBOL: "code_start"  address: 00080000


MEMORY CONFIGURATION

         name            origin    length      used     unused   attr    fill
----------------------  --------  ---------  --------  --------  ----  --------
PAGE 0:
  RAMM0                 00000123   000002dd  00000000  000002dd  RWIX
  RAMLS0                00008000   00000800  00000002  000007fe  RWIX
  RAMLS1                00008800   00000800  00000100  00000700  RWIX
  RAMLS4_5              0000a000   00001000  0000008a  00000f76  RWIX
  RAMD0                 0000b000   00000800  0000012f  000006d1  RWIX
  RAMGS14               0001a000   00001000  00000000  00001000  RWIX
  RAMGS15               0001b000   00000ff8  00000000  00000ff8  RWIX
  BEGIN                 00080000   00000002  00000002  00000000  RWIX
  FLASHA                00080002   00001ffe  00000000  00001ffe  RWIX
  FLASHB                00082000   00002000  00001477  00000b89  RWIX
  FLASHC                00084000   00002000  00000000  00002000  RWIX
  FLASHD                00086000   00002000  000001b9  00001e47  RWIX
  FLASHE                00088000   00008000  00000000  00008000  RWIX
  FLASHF                00090000   00008000  00000000  00008000  RWIX
  FLASHG                00098000   00008000  00000000  00008000  RWIX
  FLASHH                000a0000   00008000  00000000  00008000  RWIX
  FLASHI                000a8000   00008000  00000000  00008000  RWIX
  FLASHJ                000b0000   00008000  00000000  00008000  RWIX
  FLASHK                000b8000   00002000  00000000  00002000  RWIX
  FLASHL                000ba000   00002000  00000000  00002000  RWIX
  FLASHM                000bc000   00002000  00000000  00002000  RWIX
  FLASHN                000be000   00001ff0  00000000  00001ff0  RWIX
  RESET                 003fffc0   00000002  00000000  00000002  RWIX

PAGE 1:
  BOOT_RSVD             00000002   00000121  00000000  00000121  RWIX
  RAMM1                 00000400   000003f8  00000100  000002f8  RWIX
  CLA1_MSGRAMLOW        00001480   00000080  00000002  0000007e  RWIX
  CLA1_MSGRAMHIGH       00001500   00000080  00000004  0000007c  RWIX
  EMIF2_CS2n            00002000   00001000  00000000  00001000  RWIX
  RAMLS2                00009000   00000800  0000001c  000007e4  RWIX
  RAMLS3                00009800   00000800  00000000  00000800  RWIX
  RAMGS0                0000c000   00001000  00000000  00001000  RWIX
  RAMGS1                0000d000   00001000  00000000  00001000  RWIX
  RAMGS2                0000e000   00001000  00000000  00001000  RWIX
  RAMGS3                0000f000   00001000  00000000  00001000  RWIX
  RAMGS4                00010000   00001000  00000000  00001000  RWIX
  RAMGS5                00011000   00001000  00000000  00001000  RWIX
  RAMGS6                00012000   00001000  00000000  00001000  RWIX
  RAMGS7                00013000   00001000  00000000  00001000  RWIX
  RAMGS8                00014000   00001000  00000000  00001000  RWIX
  RAMGS9                00015000   00001000  00000000  00001000  RWIX
  RAMGS10               00016000   00001000  00000000  00001000  RWIX
  RAMGS11               00017000   00001000  00000000  00001000  RWIX
  RAMGS12               00018000   00001000  00000000  00001000  RWIX
  RAMGS13               00019000   00001000  00000000  00001000  RWIX
  EMIF1_CS2n            00100000   00200000  00000000  00200000  RWIX
  EMIF1_CS3n            00300000   00080000  00000000  00080000  RWIX
  EMIF1_CS4n            00380000   00060000  00000000  00060000  RWIX
  EMIF1_CS0n            80000000   10000000  00000000  10000000  RWIX
  EMIF2_CS0n            90000000   10000000  00000000  10000000  RWIX


SECTION ALLOCATION MAP

 output                                  attributes/
section   page    origin      length       input sections
--------  ----  ----------  ----------   ----------------
CLADataLS0 
*          0    00008000    00000002     UNINITIALIZED
                  00008000    00000002     cla_ex1_asin.obj (CLADataLS0)

codestart 
*          0    00080000    00000002     
                  00080000    00000002     F2837xD_CodeStartBranch.obj (codestart)

.text      0    00082000    000010df     
                  00082000    000002b6     cla_ex1_asin.obj (.text)
                  000822b6    00000227     device.obj (.text)
                  000824dd    0000021f     driverlib_eabi.lib : sysctl.obj (.text:SysCtl_setClock)
                  000826fc    000000e1     cla_ex1_asin.obj (.text:retain)
                  000827dd    000000b9     driverlib_eabi.lib : adc.obj (.text:ADC_setMode)
                  00082896    00000092                        : memcfg.obj (.text:MemCfg_getInitStatus)
                  00082928    00000088     rts2800_fpu32_eabi.lib : fs_div28.asm.obj (.text)
                  000829b0    00000078     driverlib_eabi.lib : memcfg.obj (.text:MemCfg_initSections)
                  00082a28    00000068                        : sysctl.obj (.text:SysCtl_getDeviceParametric)
                  00082a90    0000005e                        : sysctl.obj (.text:SysCtl_selectOscSource)
                  00082aee    00000052                        : gpio.obj (.text:GPIO_setPadConfig)
                  00082b40    00000051                        : sysctl.obj (.text:SysCtl_getClock)
                  00082b91    00000046                        : sci.obj (.text:SCI_clearInterruptStatus)
                  00082bd7    00000046                        : sci.obj (.text:SCI_disableInterrupt)
                  00082c1d    00000044                        : sci.obj (.text:SCI_enableInterrupt)
                  00082c61    0000003e                        : sci.obj (.text:SCI_setConfig)
                  00082c9f    0000003d                        : interrupt.obj (.text:Interrupt_initModule)
                  00082cdc    0000003b                        : sci.obj (.text:SCI_readCharArray)
                  00082d17    00000038                        : gpio.obj (.text:GPIO_setMasterCore)
                  00082d4f    00000038                        : gpio.obj (.text:GPIO_setQualificationMode)
                  00082d87    00000038                        : memcfg.obj (.text:MemCfg_setLSRAMMasterSel)
                  00082dbf    00000037                        : gpio.obj (.text:GPIO_setPinConfig)
                  00082df6    00000034                        : interrupt.obj (.text:Interrupt_enable)
                  00082e2a    00000031                        : gpio.obj (.text:GPIO_setDirectionMode)
                  00082e5b    00000031     rts2800_fpu32_eabi.lib : copy_decompress_lzss.c.obj (.text:decompress:lzss)
                  00082e8c    0000002b                            : autoinit.c.obj (.text:__TI_auto_init_nobinit_nopinit)
                  00082eb7    00000029                            : exit.c.obj (.text)
                  00082ee0    00000028     driverlib_eabi.lib : flash.obj (.text:Flash_setBankPowerUpDelay)
                  00082f08    00000022                        : sci.obj (.text:SCI_isFIFOEnabled)
                  00082f2a    00000020                        : interrupt.obj (.text:Interrupt_initVectorTable)
                  00082f4a    0000001f                        : adc.obj (.text:ADC_isBaseValid)
                  00082f69    0000001f                        : sci.obj (.text:SCI_isBaseValid)
                  00082f88    0000001d     rts2800_fpu32_eabi.lib : memcpy.c.obj (.text)
                  00082fa5    0000001b     driverlib_eabi.lib : sci.obj (.text:SCI_isDataAvailableNonFIFO)
                  00082fc0    0000001a                        : sysctl.obj (.text:SysCtl_getLowSpeedClock)
                  00082fda    00000019                        : sci.obj (.text:SCI_disableModule)
                  00082ff3    00000019                        : sci.obj (.text:SCI_performSoftwareReset)
                  0008300c    00000017     rts2800_fpu32_eabi.lib : boot28.asm.obj (.text)
                  00083023    00000015     driverlib_eabi.lib : sci.obj (.text:SCI_getRxFIFOStatus)
                  00083038    00000014                        : sci.obj (.text:SCI_enableModule)
                  0008304c    00000010                        : flash.obj (.text:Flash_isCtrlBaseValid)
                  0008305c    00000010                        : flash.obj (.text:Flash_isECCBaseValid)
                  0008306c    0000000e                        : gpio.obj (.text:GPIO_isPinValid)
                  0008307a    0000000e                        : interrupt.obj (.text:Interrupt_defaultHandler)
                  00083088    0000000d                        : interrupt.obj (.text:Interrupt_disableMaster)
                  00083095    0000000d                        : interrupt.obj (.text:Interrupt_enableMaster)
                  000830a2    0000000d     rts2800_fpu32_eabi.lib : copy_zero_init.c.obj (.text:decompress:ZI:__TI_zero_init_nomemset)
                  000830af    0000000c                            : args_main.c.obj (.text)
                  000830bb    0000000b     driverlib_eabi.lib : sysctl.obj (.text:SysCtl_isMCDClockFailureDetected)
                  000830c6    00000009                        : sysctl.obj (.text:SysCtl_serviceWatchdog)
                  000830cf    00000008     rts2800_fpu32_eabi.lib : copy_decompress_none.c.obj (.text:decompress:none)
                  000830d7    00000002     driverlib_eabi.lib : interrupt.obj (.text:Interrupt_illegalOperationHandler)
                  000830d9    00000002                        : interrupt.obj (.text:Interrupt_nmiHandler)
                  000830db    00000002     rts2800_fpu32_eabi.lib : pre_init.c.obj (.text)
                  000830dd    00000001                            : _lock.c.obj (.text)
                  000830de    00000001                            : startup.c.obj (.text)

.cinit     0    00083448    00000034     
                  00083448    00000009     (.cinit..data.load) [load image, compression = lzss]
                  00083451    00000001     --HOLE-- [fill = 0]
                  00083452    00000006     (__TI_handler_table)
                  00083458    00000004     (.cinit..bss.load) [load image, compression = zero_init]
                  0008345c    00000004     (.cinit.CLADataLS0.load) [load image, compression = zero_init]
                  00083460    00000004     (.cinit.Cla1ToCpuMsgRAM.load) [load image, compression = zero_init]
                  00083464    00000004     (.cinit.CpuToCla1MsgRAM.load) [load image, compression = zero_init]
                  00083468    00000014     (__TI_cinit_table)

.stack     1    00000400    00000100     UNINITIALIZED
                  00000400    00000100     --HOLE--

.init_array 
*          0    00082000    00000000     UNINITIALIZED

.bss       1    00009014    00000008     UNINITIALIZED
                  00009014    00000004     cla_ex1_asin.obj (.bss)
                  00009018    00000004     cla_ex1_asin.obj (.bss:rDataA)

.data      1    00009000    00000014     UNINITIALIZED
                  00009000    00000006     cla_ex1_asin.obj (.data)
                  00009006    00000006     device.obj (.data)
                  0000900c    00000006     rts2800_fpu32_eabi.lib : exit.c.obj (.data)
                  00009012    00000002                            : _lock.c.obj (.data:_lock)

.const     0    000830e0    00000364     
                  000830e0    000000b3     driverlib_eabi.lib : flash.obj (.const:.string)
                  00083193    00000001     --HOLE-- [fill = 0]
                  00083194    000000b0                        : gpio.obj (.const:.string)
                  00083244    000000af                        : sci.obj (.const:.string)
                  000832f3    00000001     --HOLE-- [fill = 0]
                  000832f4    0000005a                        : memcfg.obj (.const:.string)
                  0008334e    0000005a                        : sysctl.obj (.const:.string)
                  000833a8    00000057                        : adc.obj (.const:.string)
                  000833ff    00000001     --HOLE-- [fill = 0]
                  00083400    00000044     cla_ex1_asin.obj (.const:.string)

.reset     0    003fffc0    00000000     DSECT

Cla1Prog   0    00086000    0000008a     RUN ADDR = 0000a000
                  00086000    0000008a     asin.obj (Cla1Prog:Cla1Task1)

.TI.ramfunc 
*          0    00086090    0000012f     RUN ADDR = 0000b000
                  00086090    00000043     driverlib_eabi.lib : flash.obj (.TI.ramfunc:Flash_initModule)
                  000860d3    0000002d                        : flash.obj (.TI.ramfunc:Flash_setBankPowerMode)
                  00086100    00000026                        : flash.obj (.TI.ramfunc:Flash_setWaitstates)
                  00086126    0000001e                        : flash.obj (.TI.ramfunc:Flash_setPumpPowerMode)
                  00086144    00000018                        : flash.obj (.TI.ramfunc:Flash_disableCache)
                  0008615c    00000018                        : flash.obj (.TI.ramfunc:Flash_disablePrefetch)
                  00086174    00000018                        : flash.obj (.TI.ramfunc:Flash_enableCache)
                  0008618c    00000018                        : flash.obj (.TI.ramfunc:Flash_enablePrefetch)
                  000861a4    00000017                        : flash.obj (.TI.ramfunc:Flash_enableECC)
                  000861bb    00000004                        : sysctl.obj (.TI.ramfunc)

Cla1ToCpuMsgRAM 
*          1    00001480    00000002     UNINITIALIZED
                  00001480    00000002     cla_ex1_asin.obj (Cla1ToCpuMsgRAM)

CpuToCla1MsgRAM 
*          1    00001500    00000004     UNINITIALIZED
                  00001500    00000004     cla_ex1_asin.obj (CpuToCla1MsgRAM)

CLAscratch 
*          0    00008800    00000100     UNINITIALIZED
                  00008800    00000100     --HOLE--

.const_cla 
*          0    00008800    00000000     UNINITIALIZED

MODULE SUMMARY

       Module                        code   ro data   rw data
       ------                        ----   -------   -------
    .\
       cla_ex1_asin.obj              919    68        22     
       asin.obj                      276    0         0      
    +--+-----------------------------+------+---------+---------+
       Total:                        1195   68        22     
                                                             
    .\device\
       device.obj                    551    0         6      
       F2837xD_CodeStartBranch.obj   2      0         0      
    +--+-----------------------------+------+---------+---------+
       Total:                        553    0         6      
                                                             
    C:\ti\c2000\C2000Ware_3_01_00_00\driverlib\f2837xd\driverlib\ccs\Debug\driverlib_eabi.lib
       sysctl.obj                    876    90        0      
       flash.obj                     670    179       0      
       sci.obj                       512    175       0      
       gpio.obj                      312    176       0      
       memcfg.obj                    322    90        0      
       adc.obj                       216    87        0      
       interrupt.obj                 189    0         0      
    +--+-----------------------------+------+---------+---------+
       Total:                        3097   797       0      
                                                             
    C:\ti\ccs1000\ccs\tools\compiler\ti-cgt-c2000_20.2.0.LTS\lib\rts2800_fpu32_eabi.lib
       fs_div28.asm.obj              136    0         0      
       copy_decompress_lzss.c.obj    49     0         0      
       exit.c.obj                    41     0         6      
       autoinit.c.obj                43     0         0      
       memcpy.c.obj                  29     0         0      
       boot28.asm.obj                23     0         0      
       copy_zero_init.c.obj          13     0         0      
       args_main.c.obj               12     0         0      
       copy_decompress_none.c.obj    8      0         0      
       _lock.c.obj                   1      0         2      
       pre_init.c.obj                2      0         0      
       startup.c.obj                 1      0         0      
    +--+-----------------------------+------+---------+---------+
       Total:                        358    0         8      
                                                             
       Stack:                        0      0         256    
       Linker Generated:             0      51        0      
    +--+-----------------------------+------+---------+---------+
       Grand Total:                  5203   916       292    


LINKER GENERATED COPY TABLES

__TI_cinit_table @ 00083468 records: 5, size/record: 4, table size: 20
	.data: load addr=00083448, load size=00000009 bytes, run addr=00009000, run size=00000014 bytes, compression=lzss
	.bss: load addr=00083458, load size=00000004 bytes, run addr=00009014, run size=00000008 bytes, compression=zero_init
	CLADataLS0: load addr=0008345c, load size=00000004 bytes, run addr=00008000, run size=00000002 bytes, compression=zero_init
	Cla1ToCpuMsgRAM: load addr=00083460, load size=00000004 bytes, run addr=00001480, run size=00000002 bytes, compression=zero_init
	CpuToCla1MsgRAM: load addr=00083464, load size=00000004 bytes, run addr=00001500, run size=00000004 bytes, compression=zero_init


LINKER GENERATED HANDLER TABLE

__TI_handler_table @ 00083452 records: 3, size/record: 2, table size: 6
	index: 0, handler: __TI_zero_init
	index: 1, handler: __TI_decompress_lzss
	index: 2, handler: __TI_decompress_none


GLOBAL DATA SYMBOLS: SORTED BY DATA PAGE

address     data page           name
--------    ----------------    ----
00000400      10 (00000400)     __stack

00001480      52 (00001480)     claOutputs

00001500      54 (00001500)     claInputs

00008000     200 (00008000)     errorIntegral

00009000     240 (00009000)     dutyCycle
00009002     240 (00009000)     currentSenseA
00009004     240 (00009000)     torqueCommand
00009006     240 (00009000)     Example_Result
00009008     240 (00009000)     Example_PassCount
0000900a     240 (00009000)     Example_Fail
0000900c     240 (00009000)     __TI_enable_exit_profile_output
0000900e     240 (00009000)     __TI_cleanup_ptr
00009010     240 (00009000)     __TI_dtors_ptr
00009012     240 (00009000)     _lock
00009014     240 (00009000)     adcResultRaw
00009016     240 (00009000)     uartPacket
00009018     240 (00009000)     rDataA


GLOBAL SYMBOLS: SORTED ALPHABETICALLY BY Name 

page  address   name                                     
----  -------   ----                                     
0     000827dd  ADC_setMode                              
0     00082eb7  C$$EXIT                                  
abs   00000100  CLA_SCRATCHPAD_SIZE                      
0     000821ae  CLA_configClaMemory                      
0     0008220a  CLA_initCpu1Cla1                         
0     00082226  CLA_runTest                              
0     0000a000  Cla1Task1                                
0     0008608a  Cla1funcsLoadEnd                         
abs   0000008a  Cla1funcsLoadSize                        
0     00086000  Cla1funcsLoadStart                       
0     0000a000  Cla1funcsRunStart                        
0     00082365  Device_configureTMXAnalogTrim            
0     00082399  Device_enableAllPeripherals              
0     00082306  Device_enableUnbondedGPIOPullups         
0     000822df  Device_enableUnbondedGPIOPullupsFor100Pin
0     000822c4  Device_enableUnbondedGPIOPullupsFor176Pin
0     00082484  Device_init                              
0     0008232e  Device_initGPIO                          
1     0000900a  Example_Fail                             
1     00009008  Example_PassCount                        
1     00009006  Example_Result                           
0     000822c3  Example_done                             
0     000822be  Example_setResultFail                    
0     000822b9  Example_setResultPass                    
0     0000b000  Flash_initModule                         
0     00082e2a  GPIO_setDirectionMode                    
0     00082d17  GPIO_setMasterCore                       
0     00082aee  GPIO_setPadConfig                        
0     00082dbf  GPIO_setPinConfig                        
0     00082d4f  GPIO_setQualificationMode                
0     00082df6  Interrupt_enable                         
0     00082c9f  Interrupt_initModule                     
0     00082f2a  Interrupt_initVectorTable                
0     00082896  MemCfg_getInitStatus                     
0     000829b0  MemCfg_initSections                      
0     00082d87  MemCfg_setLSRAMMasterSel                 
0     000861bf  RamfuncsLoadEnd                          
abs   0000012f  RamfuncsLoadSize                         
0     00086090  RamfuncsLoadStart                        
0     0000b12f  RamfuncsRunEnd                           
abs   0000012f  RamfuncsRunSize                          
0     0000b000  RamfuncsRunStart                         
0     00082b91  SCI_clearInterruptStatus                 
0     00082bd7  SCI_disableInterrupt                     
0     00082c1d  SCI_enableInterrupt                      
0     00082cdc  SCI_readCharArray                        
0     00082c61  SCI_setConfig                            
0     0000b12b  SysCtl_delay                             
0     00082b40  SysCtl_getClock                          
0     00082a28  SysCtl_getDeviceParametric               
0     00082fc0  SysCtl_getLowSpeedClock                  
0     00082a90  SysCtl_selectOscSource                   
0     000824dd  SysCtl_setClock                          
abs   00000000  _Cla1ConstLoadSize                       
0     00008800  _Cla1ConstLoadStart                      
0     00008800  _Cla1ConstRunStart                       
0     00083468  __TI_CINIT_Base                          
0     0008347c  __TI_CINIT_Limit                         
0     00083452  __TI_Handler_Table_Base                  
0     00083458  __TI_Handler_Table_Limit                 
1     00000500  __TI_STACK_END                           
abs   00000100  __TI_STACK_SIZE                          
0     00082e8c  __TI_auto_init_nobinit_nopinit           
1     0000900e  __TI_cleanup_ptr                         
0     00082e5b  __TI_decompress_lzss                     
0     000830cf  __TI_decompress_none                     
1     00009010  __TI_dtors_ptr                           
1     0000900c  __TI_enable_exit_profile_output          
abs   ffffffff  __TI_pprof_out_hndl                      
abs   ffffffff  __TI_prof_data_size                      
abs   ffffffff  __TI_prof_data_start                     
0     000830a2  __TI_zero_init_nomemset                  
0     00082928  __c28xabi_divf                           
n/a   UNDEFED   __c_args__                               
0     000822b6  __error__                                
1     00000400  __stack                                  
0     000830af  _args_main                               
0     0008300c  _c_int00                                 
1     00009012  _lock                                    
0     000830dd  _nop                                     
0     000830de  _system_post_cinit                       
0     000830db  _system_pre_init                         
0     00082eb7  abort                                    
0     00082797  adcA1ISR                                 
1     00009014  adcResultRaw                             
0     00082758  cla1Isr1                                 
1     00001500  claInputs                                
1     00001480  claOutputs                               
0     00080000  code_start                               
1     00009002  currentSenseA                            
1     00009000  dutyCycle                                
0     00008000  errorIntegral                            
0     00082eb9  exit                                     
0     00082163  initADC                                  
0     00082185  initADCSOC                               
0     00082070  initEPWM                                 
0     00082000  initSCIBFIFO                             
0     00082239  main                                     
0     00082f88  memcpy                                   
1     00009018  rDataA                                   
0     000826fc  scibRXFIFOISR                            
1     00009004  torqueCommand                            
1     00009016  uartPacket                               


GLOBAL SYMBOLS: SORTED BY Symbol Address 

page  address   name                                     
----  -------   ----                                     
0     00008000  errorIntegral                            
0     00008800  _Cla1ConstLoadStart                      
0     00008800  _Cla1ConstRunStart                       
0     0000a000  Cla1Task1                                
0     0000a000  Cla1funcsRunStart                        
0     0000b000  Flash_initModule                         
0     0000b000  RamfuncsRunStart                         
0     0000b12b  SysCtl_delay                             
0     0000b12f  RamfuncsRunEnd                           
0     00080000  code_start                               
0     00082000  initSCIBFIFO                             
0     00082070  initEPWM                                 
0     00082163  initADC                                  
0     00082185  initADCSOC                               
0     000821ae  CLA_configClaMemory                      
0     0008220a  CLA_initCpu1Cla1                         
0     00082226  CLA_runTest                              
0     00082239  main                                     
0     000822b6  __error__                                
0     000822b9  Example_setResultPass                    
0     000822be  Example_setResultFail                    
0     000822c3  Example_done                             
0     000822c4  Device_enableUnbondedGPIOPullupsFor176Pin
0     000822df  Device_enableUnbondedGPIOPullupsFor100Pin
0     00082306  Device_enableUnbondedGPIOPullups         
0     0008232e  Device_initGPIO                          
0     00082365  Device_configureTMXAnalogTrim            
0     00082399  Device_enableAllPeripherals              
0     00082484  Device_init                              
0     000824dd  SysCtl_setClock                          
0     000826fc  scibRXFIFOISR                            
0     00082758  cla1Isr1                                 
0     00082797  adcA1ISR                                 
0     000827dd  ADC_setMode                              
0     00082896  MemCfg_getInitStatus                     
0     00082928  __c28xabi_divf                           
0     000829b0  MemCfg_initSections                      
0     00082a28  SysCtl_getDeviceParametric               
0     00082a90  SysCtl_selectOscSource                   
0     00082aee  GPIO_setPadConfig                        
0     00082b40  SysCtl_getClock                          
0     00082b91  SCI_clearInterruptStatus                 
0     00082bd7  SCI_disableInterrupt                     
0     00082c1d  SCI_enableInterrupt                      
0     00082c61  SCI_setConfig                            
0     00082c9f  Interrupt_initModule                     
0     00082cdc  SCI_readCharArray                        
0     00082d17  GPIO_setMasterCore                       
0     00082d4f  GPIO_setQualificationMode                
0     00082d87  MemCfg_setLSRAMMasterSel                 
0     00082dbf  GPIO_setPinConfig                        
0     00082df6  Interrupt_enable                         
0     00082e2a  GPIO_setDirectionMode                    
0     00082e5b  __TI_decompress_lzss                     
0     00082e8c  __TI_auto_init_nobinit_nopinit           
0     00082eb7  C$$EXIT                                  
0     00082eb7  abort                                    
0     00082eb9  exit                                     
0     00082f2a  Interrupt_initVectorTable                
0     00082f88  memcpy                                   
0     00082fc0  SysCtl_getLowSpeedClock                  
0     0008300c  _c_int00                                 
0     000830a2  __TI_zero_init_nomemset                  
0     000830af  _args_main                               
0     000830cf  __TI_decompress_none                     
0     000830db  _system_pre_init                         
0     000830dd  _nop                                     
0     000830de  _system_post_cinit                       
0     00083452  __TI_Handler_Table_Base                  
0     00083458  __TI_Handler_Table_Limit                 
0     00083468  __TI_CINIT_Base                          
0     0008347c  __TI_CINIT_Limit                         
0     00086000  Cla1funcsLoadStart                       
0     0008608a  Cla1funcsLoadEnd                         
0     00086090  RamfuncsLoadStart                        
0     000861bf  RamfuncsLoadEnd                          
1     00000400  __stack                                  
1     00000500  __TI_STACK_END                           
1     00001480  claOutputs                               
1     00001500  claInputs                                
1     00009000  dutyCycle                                
1     00009002  currentSenseA                            
1     00009004  torqueCommand                            
1     00009006  Example_Result                           
1     00009008  Example_PassCount                        
1     0000900a  Example_Fail                             
1     0000900c  __TI_enable_exit_profile_output          
1     0000900e  __TI_cleanup_ptr                         
1     00009010  __TI_dtors_ptr                           
1     00009012  _lock                                    
1     00009014  adcResultRaw                             
1     00009016  uartPacket                               
1     00009018  rDataA                                   
abs   00000000  _Cla1ConstLoadSize                       
abs   0000008a  Cla1funcsLoadSize                        
abs   00000100  CLA_SCRATCHPAD_SIZE                      
abs   00000100  __TI_STACK_SIZE                          
abs   0000012f  RamfuncsLoadSize                         
abs   0000012f  RamfuncsRunSize                          
abs   ffffffff  __TI_pprof_out_hndl                      
abs   ffffffff  __TI_prof_data_size                      
abs   ffffffff  __TI_prof_data_start                     
n/a   UNDEFED   __c_args__                               

[103 symbols]
