******************************************************************************
             TMS320C2000 Linker PC v20.2.0                     
******************************************************************************
>> Linked Tue Apr  7 20:42:55 2020

OUTPUT FILE NAME:   <interrupt_ex1_external.out>
ENTRY POINT SYMBOL: "code_start"  address: 00000000


MEMORY CONFIGURATION

         name            origin    length      used     unused   attr    fill
----------------------  --------  ---------  --------  --------  ----  --------
PAGE 0:
  BEGIN                 00000000   00000002  00000002  00000000  RWIX
  RAMM0                 00000123   000002dd  00000020  000002bd  RWIX
  RAMLS0                00008000   00000800  00000250  000005b0  RWIX
  RAMLS1                00008800   00000800  00000000  00000800  RWIX
  RAMLS2                00009000   00000800  00000000  00000800  RWIX
  RAMLS3                00009800   00000800  00000000  00000800  RWIX
  RAMLS4                0000a000   00000800  00000000  00000800  RWIX
  RAMD0                 0000b000   00000800  00000800  00000000  RWIX
  RESET                 003fffc0   00000002  00000000  00000002  RWIX

PAGE 1:
  BOOT_RSVD             00000002   00000121  00000000  00000121  RWIX
  RAMM1                 00000400   000003f8  00000100  000002f8  RWIX
  RAMLS5                0000a800   00000800  00000133  000006cd  RWIX
  RAMD1                 0000b800   00000800  00000000  00000800  RWIX
  RAMGS0                0000c000   00001000  00000000  00001000  RWIX
  RAMGS1                0000d000   00001000  00000000  00001000  RWIX
  RAMGS2                0000e000   00001000  00000000  00001000  RWIX
  RAMGS3                0000f000   00001000  00000000  00001000  RWIX
  RAMGS4                00010000   00001000  00000000  00001000  RWIX
  RAMGS5                00011000   00001000  00000000  00001000  RWIX
  RAMGS6                00012000   00001000  00000000  00001000  RWIX
  RAMGS7                00013000   00001000  00000000  00001000  RWIX
  RAMGS8                00014000   00001000  00000000  00001000  RWIX
  RAMGS9                00015000   00001000  00000000  00001000  RWIX
  RAMGS10               00016000   00001000  00000000  00001000  RWIX
  RAMGS11               00017000   00001000  00000000  00001000  RWIX
  RAMGS12               00018000   00001000  00000000  00001000  RWIX
  RAMGS13               00019000   00001000  00000000  00001000  RWIX
  RAMGS14               0001a000   00001000  00000000  00001000  RWIX
  RAMGS15               0001b000   00000ff8  00000000  00000ff8  RWIX
  CPU2TOCPU1RAM         0003f800   00000400  00000000  00000400  RWIX
  CPU1TOCPU2RAM         0003fc00   00000400  00000000  00000400  RWIX
  CANA_MSG_RAM          00049000   00000800  00000000  00000800  RWIX
  CANB_MSG_RAM          0004b000   00000800  00000000  00000800  RWIX


SECTION ALLOCATION MAP

 output                                  attributes/
section   page    origin      length       input sections
--------  ----  ----------  ----------   ----------------
codestart 
*          0    00000000    00000002     
                  00000000    00000002     F2837xD_CodeStartBranch.obj (codestart)

.cinit     0    00000128    0000001c     
                  00000128    00000009     (.cinit..data.load) [load image, compression = lzss]
                  00000131    00000001     --HOLE-- [fill = 0]
                  00000132    00000006     (__TI_handler_table)
                  00000138    00000004     (.cinit..bss.load) [load image, compression = zero_init]
                  0000013c    00000008     (__TI_cinit_table)

.reset     0    003fffc0    00000000     DSECT

.stack     1    00000400    00000100     UNINITIALIZED
                  00000400    00000100     --HOLE--

.bss       1    0000a92e    00000006     UNINITIALIZED
                  0000a92e    00000006     interrupt_ex1_external.obj (.bss)

.init_array 
*          0    00000123    00000000     UNINITIALIZED

.const     1    0000a800    0000011d     
                  0000a800    000000b0     driverlib_eabi.lib : gpio.obj (.const:.string)
                  0000a8b0    0000005a                        : sysctl.obj (.const:.string)
                  0000a90a    00000013     device.obj (.const:.string)

.data      1    0000a91e    00000010     UNINITIALIZED
                  0000a91e    00000006     device.obj (.data)
                  0000a924    00000006     rts2800_fpu32_eabi.lib : exit.c.obj (.data)
                  0000a92a    00000002                            : _lock.c.obj (.data:_lock)
                  0000a92c    00000002                            : _lock.c.obj (.data:_unlock)

.TI.ramfunc 
*          0    00000123    00000004     
                  00000123    00000004     driverlib_eabi.lib : sysctl.obj (.TI.ramfunc)

GETBUFFER 
*          0    0003f800    00000000     DSECT

GETWRITEIDX 
*          0    0003f800    00000000     DSECT

PUTREADIDX 
*          0    0003f800    00000000     DSECT

.text.1    0    00008000    00000250     
                  00008000    00000038     driverlib_eabi.lib : gpio.obj (.text:GPIO_setQualificationMode)
                  00008038    00000034                        : gpio.obj (.text:GPIO_setInterruptPin)
                  0000806c    00000034                        : interrupt.obj (.text:Interrupt_enable)
                  000080a0    00000031                        : gpio.obj (.text:GPIO_setDirectionMode)
                  000080d1    00000031     rts2800_fpu32_eabi.lib : copy_decompress_lzss.c.obj (.text:decompress:lzss)
                  00008102    0000002b                            : autoinit.c.obj (.text:__TI_auto_init_nobinit_nopinit)
                  0000812d    00000029                            : exit.c.obj (.text)
                  00008156    00000020     driverlib_eabi.lib : interrupt.obj (.text:Interrupt_initVectorTable)
                  00008176    0000001d     rts2800_fpu32_eabi.lib : memcpy.c.obj (.text)
                  00008193    0000001a     driverlib_eabi.lib : sysctl.obj (.text:SysCtl_getLowSpeedClock)
                  000081ad    00000017                        : gpio.obj (.text:XBAR_setInputPin)
                  000081c4    00000017     rts2800_fpu32_eabi.lib : boot28.asm.obj (.text)
                  000081db    0000000e     driverlib_eabi.lib : gpio.obj (.text:GPIO_isPinValid)
                  000081e9    0000000e                        : interrupt.obj (.text:Interrupt_defaultHandler)
                  000081f7    0000000d                        : interrupt.obj (.text:Interrupt_disableMaster)
                  00008204    0000000d                        : interrupt.obj (.text:Interrupt_enableMaster)
                  00008211    0000000d     rts2800_fpu32_eabi.lib : copy_zero_init.c.obj (.text:decompress:ZI:__TI_zero_init_nomemset)
                  0000821e    0000000c                            : args_main.c.obj (.text)
                  0000822a    0000000b     driverlib_eabi.lib : sysctl.obj (.text:SysCtl_isMCDClockFailureDetected)
                  00008235    00000009                        : sysctl.obj (.text:SysCtl_serviceWatchdog)
                  0000823e    00000009     rts2800_fpu32_eabi.lib : _lock.c.obj (.text)
                  00008247    00000008                            : copy_decompress_none.c.obj (.text:decompress:none)
                  0000824f    00000001                            : startup.c.obj (.text)

.text.2    0    0000b000    00000800     
                  0000b000    0000024f     device.obj (.text)
                  0000b24f    0000021f     driverlib_eabi.lib : sysctl.obj (.text:SysCtl_setClock)
                  0000b46e    00000106     interrupt_ex1_external.obj (.text)
                  0000b574    00000088     rts2800_fpu32_eabi.lib : fs_div28.asm.obj (.text)
                  0000b5fc    0000006e     interrupt_ex1_external.obj (.text:retain)
                  0000b66a    00000068     driverlib_eabi.lib : sysctl.obj (.text:SysCtl_getDeviceParametric)
                  0000b6d2    0000005e                        : sysctl.obj (.text:SysCtl_selectOscSource)
                  0000b730    00000051                        : sysctl.obj (.text:SysCtl_getClock)
                  0000b781    0000003d                        : interrupt.obj (.text:Interrupt_initModule)
                  0000b7be    0000003c                        : gpio.obj (.text:GPIO_setQualificationPeriod)
                  0000b7fa    00000002                        : interrupt.obj (.text:Interrupt_illegalOperationHandler)
                  0000b7fc    00000002                        : interrupt.obj (.text:Interrupt_nmiHandler)
                  0000b7fe    00000002     rts2800_fpu32_eabi.lib : pre_init.c.obj (.text)

MODULE SUMMARY

       Module                        code   ro data   rw data
       ------                        ----   -------   -------
    .\
       interrupt_ex1_external.obj    372    0         6      
    +--+-----------------------------+------+---------+---------+
       Total:                        372    0         6      
                                                             
    .\device\
       device.obj                    591    19        6      
       F2837xD_CodeStartBranch.obj   2      0         0      
    +--+-----------------------------+------+---------+---------+
       Total:                        593    19        6      
                                                             
    C:\ti\c2000\C2000Ware_3_01_00_00\driverlib\f2837xd\driverlib\ccs\Debug\driverlib_eabi.lib
       sysctl.obj                    872    90        0      
       gpio.obj                      254    176       0      
       interrupt.obj                 189    0         0      
    +--+-----------------------------+------+---------+---------+
       Total:                        1315   266       0      
                                                             
    C:\ti\ccs1000\ccs\tools\compiler\ti-cgt-c2000_20.2.0.LTS\lib\rts2800_fpu32_eabi.lib
       fs_div28.asm.obj              136    0         0      
       copy_decompress_lzss.c.obj    49     0         0      
       exit.c.obj                    41     0         6      
       autoinit.c.obj                43     0         0      
       memcpy.c.obj                  29     0         0      
       boot28.asm.obj                23     0         0      
       _lock.c.obj                   9      0         4      
       copy_zero_init.c.obj          13     0         0      
       args_main.c.obj               12     0         0      
       copy_decompress_none.c.obj    8      0         0      
       pre_init.c.obj                2      0         0      
       startup.c.obj                 1      0         0      
    +--+-----------------------------+------+---------+---------+
       Total:                        366    0         10     
                                                             
       Stack:                        0      0         256    
       Linker Generated:             0      27        0      
    +--+-----------------------------+------+---------+---------+
       Grand Total:                  2646   312       278    


LINKER GENERATED COPY TABLES

__TI_cinit_table @ 0000013c records: 2, size/record: 4, table size: 8
	.data: load addr=00000128, load size=00000009 bytes, run addr=0000a91e, run size=00000010 bytes, compression=lzss
	.bss: load addr=00000138, load size=00000004 bytes, run addr=0000a92e, run size=00000006 bytes, compression=zero_init


LINKER GENERATED HANDLER TABLE

__TI_handler_table @ 00000132 records: 3, size/record: 2, table size: 6
	index: 0, handler: __TI_zero_init
	index: 1, handler: __TI_decompress_lzss
	index: 2, handler: __TI_decompress_none


GLOBAL DATA SYMBOLS: SORTED BY DATA PAGE

address     data page           name
--------    ----------------    ----
00000400      10 (00000400)     __stack

0000a91e     2a4 (0000a900)     Example_Result
0000a920     2a4 (0000a900)     Example_PassCount
0000a922     2a4 (0000a900)     Example_Fail
0000a924     2a4 (0000a900)     __TI_enable_exit_profile_output
0000a926     2a4 (0000a900)     __TI_cleanup_ptr
0000a928     2a4 (0000a900)     __TI_dtors_ptr
0000a92a     2a4 (0000a900)     _lock
0000a92c     2a4 (0000a900)     _unlock
0000a92e     2a4 (0000a900)     XINT1Count
0000a930     2a4 (0000a900)     XINT2Count
0000a932     2a4 (0000a900)     loopCount


GLOBAL SYMBOLS: SORTED ALPHABETICALLY BY Name 

page  address   name                                     
----  -------   ----                                     
0     0000812d  C$$EXIT                                  
0     0000b20c  Device_configureTMXAnalogTrim            
0     0000b0b0  Device_enableAllPeripherals              
0     0000b1f6  Device_enableUnbondedGPIOPullups         
0     0000b1d3  Device_enableUnbondedGPIOPullupsFor100Pin
0     0000b1bc  Device_enableUnbondedGPIOPullupsFor176Pin
0     0000b06e  Device_init                              
0     0000b19b  Device_initGPIO                          
1     0000a922  Example_Fail                             
1     0000a920  Example_PassCount                        
1     0000a91e  Example_Result                           
0     0000b24e  Example_done                             
0     0000b249  Example_setResultFail                    
0     0000b244  Example_setResultPass                    
0     000080a0  GPIO_setDirectionMode                    
0     00008038  GPIO_setInterruptPin                     
0     00008000  GPIO_setQualificationMode                
0     0000b7be  GPIO_setQualificationPeriod              
0     0000806c  Interrupt_enable                         
0     0000b781  Interrupt_initModule                     
0     00008156  Interrupt_initVectorTable                
0     00000123  SysCtl_delay                             
0     0000b730  SysCtl_getClock                          
0     0000b66a  SysCtl_getDeviceParametric               
0     00008193  SysCtl_getLowSpeedClock                  
0     0000b6d2  SysCtl_selectOscSource                   
0     0000b24f  SysCtl_setClock                          
1     0000a92e  XINT1Count                               
1     0000a930  XINT2Count                               
0     0000013c  __TI_CINIT_Base                          
0     00000144  __TI_CINIT_Limit                         
0     00000132  __TI_Handler_Table_Base                  
0     00000138  __TI_Handler_Table_Limit                 
1     00000500  __TI_STACK_END                           
abs   00000100  __TI_STACK_SIZE                          
0     00008102  __TI_auto_init_nobinit_nopinit           
1     0000a926  __TI_cleanup_ptr                         
0     000080d1  __TI_decompress_lzss                     
0     00008247  __TI_decompress_none                     
1     0000a928  __TI_dtors_ptr                           
1     0000a924  __TI_enable_exit_profile_output          
abs   ffffffff  __TI_pprof_out_hndl                      
abs   ffffffff  __TI_prof_data_size                      
abs   ffffffff  __TI_prof_data_start                     
0     00008211  __TI_zero_init_nomemset                  
0     0000b574  __c28xabi_divf                           
n/a   UNDEFED   __c_args__                               
0     0000b23d  __error__                                
1     00000400  __stack                                  
0     0000821e  _args_main                               
0     000081c4  _c_int00                                 
1     0000a92a  _lock                                    
0     00008246  _nop                                     
0     00008242  _register_lock                           
0     0000823e  _register_unlock                         
0     0000824f  _system_post_cinit                       
0     0000b7fe  _system_pre_init                         
1     0000a92c  _unlock                                  
0     0000812d  abort                                    
0     00000000  code_start                               
0     0000812f  exit                                     
1     0000a932  loopCount                                
0     0000b4ba  main                                     
0     00008176  memcpy                                   
0     0000b5fc  xint1_isr                                
0     0000b633  xint2_isr                                


GLOBAL SYMBOLS: SORTED BY Symbol Address 

page  address   name                                     
----  -------   ----                                     
0     00000000  code_start                               
0     00000123  SysCtl_delay                             
0     00000132  __TI_Handler_Table_Base                  
0     00000138  __TI_Handler_Table_Limit                 
0     0000013c  __TI_CINIT_Base                          
0     00000144  __TI_CINIT_Limit                         
0     00008000  GPIO_setQualificationMode                
0     00008038  GPIO_setInterruptPin                     
0     0000806c  Interrupt_enable                         
0     000080a0  GPIO_setDirectionMode                    
0     000080d1  __TI_decompress_lzss                     
0     00008102  __TI_auto_init_nobinit_nopinit           
0     0000812d  C$$EXIT                                  
0     0000812d  abort                                    
0     0000812f  exit                                     
0     00008156  Interrupt_initVectorTable                
0     00008176  memcpy                                   
0     00008193  SysCtl_getLowSpeedClock                  
0     000081c4  _c_int00                                 
0     00008211  __TI_zero_init_nomemset                  
0     0000821e  _args_main                               
0     0000823e  _register_unlock                         
0     00008242  _register_lock                           
0     00008246  _nop                                     
0     00008247  __TI_decompress_none                     
0     0000824f  _system_post_cinit                       
0     0000b06e  Device_init                              
0     0000b0b0  Device_enableAllPeripherals              
0     0000b19b  Device_initGPIO                          
0     0000b1bc  Device_enableUnbondedGPIOPullupsFor176Pin
0     0000b1d3  Device_enableUnbondedGPIOPullupsFor100Pin
0     0000b1f6  Device_enableUnbondedGPIOPullups         
0     0000b20c  Device_configureTMXAnalogTrim            
0     0000b23d  __error__                                
0     0000b244  Example_setResultPass                    
0     0000b249  Example_setResultFail                    
0     0000b24e  Example_done                             
0     0000b24f  SysCtl_setClock                          
0     0000b4ba  main                                     
0     0000b574  __c28xabi_divf                           
0     0000b5fc  xint1_isr                                
0     0000b633  xint2_isr                                
0     0000b66a  SysCtl_getDeviceParametric               
0     0000b6d2  SysCtl_selectOscSource                   
0     0000b730  SysCtl_getClock                          
0     0000b781  Interrupt_initModule                     
0     0000b7be  GPIO_setQualificationPeriod              
0     0000b7fe  _system_pre_init                         
1     00000400  __stack                                  
1     00000500  __TI_STACK_END                           
1     0000a91e  Example_Result                           
1     0000a920  Example_PassCount                        
1     0000a922  Example_Fail                             
1     0000a924  __TI_enable_exit_profile_output          
1     0000a926  __TI_cleanup_ptr                         
1     0000a928  __TI_dtors_ptr                           
1     0000a92a  _lock                                    
1     0000a92c  _unlock                                  
1     0000a92e  XINT1Count                               
1     0000a930  XINT2Count                               
1     0000a932  loopCount                                
abs   00000100  __TI_STACK_SIZE                          
abs   ffffffff  __TI_pprof_out_hndl                      
abs   ffffffff  __TI_prof_data_size                      
abs   ffffffff  __TI_prof_data_start                     
n/a   UNDEFED   __c_args__                               

[66 symbols]
