******************************************************************************
             TMS320C2000 Linker PC v20.2.0                     
******************************************************************************
>> Linked Sun Apr  5 20:11:59 2020

OUTPUT FILE NAME:   <sci_ex2_loopback_interrupts.out>
ENTRY POINT SYMBOL: "code_start"  address: 00000000


MEMORY CONFIGURATION

         name            origin    length      used     unused   attr    fill
----------------------  --------  ---------  --------  --------  ----  --------
PAGE 0:
  BEGIN                 00000000   00000002  00000002  00000000  RWIX
  RAMM0                 00000123   000002dd  00000020  000002bd  RWIX
  RAMLS0                00008000   00000800  00000605  000001fb  RWIX
  RAMLS1                00008800   00000800  00000000  00000800  RWIX
  RAMLS2                00009000   00000800  00000000  00000800  RWIX
  RAMLS3                00009800   00000800  00000000  00000800  RWIX
  RAMLS4                0000a000   00000800  00000000  00000800  RWIX
  RAMD0                 0000b000   00000800  00000800  00000000  RWIX
  RESET                 003fffc0   00000002  00000000  00000002  RWIX

PAGE 1:
  BOOT_RSVD             00000002   00000121  00000000  00000121  RWIX
  RAMM1                 00000400   000003f8  00000100  000002f8  RWIX
  RAMLS5                0000a800   00000800  00000226  000005da  RWIX
  RAMD1                 0000b800   00000800  00000000  00000800  RWIX
  RAMGS0                0000c000   00001000  00000000  00001000  RWIX
  RAMGS1                0000d000   00001000  00000000  00001000  RWIX
  RAMGS2                0000e000   00001000  00000000  00001000  RWIX
  RAMGS3                0000f000   00001000  00000000  00001000  RWIX
  RAMGS4                00010000   00001000  00000000  00001000  RWIX
  RAMGS5                00011000   00001000  00000000  00001000  RWIX
  RAMGS6                00012000   00001000  00000000  00001000  RWIX
  RAMGS7                00013000   00001000  00000000  00001000  RWIX
  RAMGS8                00014000   00001000  00000000  00001000  RWIX
  RAMGS9                00015000   00001000  00000000  00001000  RWIX
  RAMGS10               00016000   00001000  00000000  00001000  RWIX
  RAMGS11               00017000   00001000  00000000  00001000  RWIX
  RAMGS12               00018000   00001000  00000000  00001000  RWIX
  RAMGS13               00019000   00001000  00000000  00001000  RWIX
  RAMGS14               0001a000   00001000  00000000  00001000  RWIX
  RAMGS15               0001b000   00000ff8  00000000  00000ff8  RWIX
  CPU2TOCPU1RAM         0003f800   00000400  00000000  00000400  RWIX
  CPU1TOCPU2RAM         0003fc00   00000400  00000000  00000400  RWIX
  CANA_MSG_RAM          00049000   00000800  00000000  00000800  RWIX
  CANB_MSG_RAM          0004b000   00000800  00000000  00000800  RWIX


SECTION ALLOCATION MAP

 output                                  attributes/
section   page    origin      length       input sections
--------  ----  ----------  ----------   ----------------
codestart 
*          0    00000000    00000002     
                  00000000    00000002     F2837xD_CodeStartBranch.obj (codestart)

.cinit     0    00000128    0000001c     
                  00000128    00000009     (.cinit..data.load) [load image, compression = lzss]
                  00000131    00000001     --HOLE-- [fill = 0]
                  00000132    00000006     (__TI_handler_table)
                  00000138    00000004     (.cinit..bss.load) [load image, compression = zero_init]
                  0000013c    00000008     (__TI_cinit_table)

.reset     0    003fffc0    00000000     DSECT

.stack     1    00000400    00000100     UNINITIALIZED
                  00000400    00000100     --HOLE--

.bss       1    0000aa22    00000005     UNINITIALIZED
                  0000aa22    00000002     sci_ex2_loopback_interrupts.obj (.bss:rDataA)
                  0000aa24    00000002     sci_ex2_loopback_interrupts.obj (.bss:sDataA)
                  0000aa26    00000001     sci_ex2_loopback_interrupts.obj (.bss)

.init_array 
*          0    00000123    00000000     UNINITIALIZED

.const     1    0000a800    00000211     
                  0000a800    000000b0     driverlib_eabi.lib : gpio.obj (.const:.string)
                  0000a8b0    000000af                        : sci.obj (.const:.string)
                  0000a95f    00000001     --HOLE-- [fill = 0]
                  0000a960    0000005a                        : sysctl.obj (.const:.string)
                  0000a9ba    00000043     sci_ex2_loopback_interrupts.obj (.const:.string)
                  0000a9fd    00000001     --HOLE-- [fill = 0]
                  0000a9fe    00000013     device.obj (.const:.string)

.data      1    0000aa12    00000010     UNINITIALIZED
                  0000aa12    00000006     device.obj (.data)
                  0000aa18    00000006     rts2800_fpu32_eabi.lib : exit.c.obj (.data)
                  0000aa1e    00000002                            : _lock.c.obj (.data:_lock)
                  0000aa20    00000002                            : _lock.c.obj (.data:_unlock)

.TI.ramfunc 
*          0    00000123    00000004     
                  00000123    00000004     driverlib_eabi.lib : sysctl.obj (.TI.ramfunc)

GETBUFFER 
*          0    0003f800    00000000     DSECT

GETWRITEIDX 
*          0    0003f800    00000000     DSECT

PUTREADIDX 
*          0    0003f800    00000000     DSECT

.text.1    0    00008000    00000605     
                  00008000    0000005e     driverlib_eabi.lib : sysctl.obj (.text:SysCtl_selectOscSource)
                  0000805e    00000052                        : gpio.obj (.text:GPIO_setPadConfig)
                  000080b0    00000051                        : sysctl.obj (.text:SysCtl_getClock)
                  00008101    00000046                        : sci.obj (.text:SCI_clearInterruptStatus)
                  00008147    00000046                        : sci.obj (.text:SCI_disableInterrupt)
                  0000818d    00000044                        : sci.obj (.text:SCI_enableInterrupt)
                  000081d1    00000041                        : sci.obj (.text:SCI_writeCharArray)
                  00008212    0000003e                        : sci.obj (.text:SCI_setConfig)
                  00008250    0000003d                        : interrupt.obj (.text:Interrupt_initModule)
                  0000828d    0000003b                        : sci.obj (.text:SCI_readCharArray)
                  000082c8    00000038                        : gpio.obj (.text:GPIO_setMasterCore)
                  00008300    00000038                        : gpio.obj (.text:GPIO_setQualificationMode)
                  00008338    00000037                        : gpio.obj (.text:GPIO_setPinConfig)
                  0000836f    00000034                        : interrupt.obj (.text:Interrupt_enable)
                  000083a3    00000031                        : gpio.obj (.text:GPIO_setDirectionMode)
                  000083d4    00000031     rts2800_fpu32_eabi.lib : copy_decompress_lzss.c.obj (.text:decompress:lzss)
                  00008405    0000002b                            : autoinit.c.obj (.text:__TI_auto_init_nobinit_nopinit)
                  00008430    00000029                            : exit.c.obj (.text)
                  00008459    00000020     driverlib_eabi.lib : interrupt.obj (.text:Interrupt_initVectorTable)
                  00008479    0000001f                        : sci.obj (.text:SCI_isBaseValid)
                  00008498    0000001d     rts2800_fpu32_eabi.lib : memcpy.c.obj (.text)
                  000084b5    0000001b     driverlib_eabi.lib : sci.obj (.text:SCI_isDataAvailableNonFIFO)
                  000084d0    0000001b                        : sci.obj (.text:SCI_isSpaceAvailableNonFIFO)
                  000084eb    0000001a                        : sysctl.obj (.text:SysCtl_getLowSpeedClock)
                  00008505    00000019                        : sci.obj (.text:SCI_disableModule)
                  0000851e    00000019                        : sci.obj (.text:SCI_performSoftwareReset)
                  00008537    00000017     rts2800_fpu32_eabi.lib : boot28.asm.obj (.text)
                  0000854e    00000015     driverlib_eabi.lib : sci.obj (.text:SCI_getRxFIFOStatus)
                  00008563    00000015                        : sci.obj (.text:SCI_getTxFIFOStatus)
                  00008578    00000014                        : sci.obj (.text:SCI_enableModule)
                  0000858c    0000000e                        : gpio.obj (.text:GPIO_isPinValid)
                  0000859a    0000000e                        : interrupt.obj (.text:Interrupt_defaultHandler)
                  000085a8    0000000d                        : interrupt.obj (.text:Interrupt_disableMaster)
                  000085b5    0000000d                        : interrupt.obj (.text:Interrupt_enableMaster)
                  000085c2    0000000d     rts2800_fpu32_eabi.lib : copy_zero_init.c.obj (.text:decompress:ZI:__TI_zero_init_nomemset)
                  000085cf    0000000c                            : args_main.c.obj (.text)
                  000085db    0000000b     driverlib_eabi.lib : sysctl.obj (.text:SysCtl_isMCDClockFailureDetected)
                  000085e6    00000009                        : sysctl.obj (.text:SysCtl_serviceWatchdog)
                  000085ef    00000009     rts2800_fpu32_eabi.lib : _lock.c.obj (.text)
                  000085f8    00000008                            : copy_decompress_none.c.obj (.text:decompress:none)
                  00008600    00000002     driverlib_eabi.lib : interrupt.obj (.text:Interrupt_nmiHandler)
                  00008602    00000002     rts2800_fpu32_eabi.lib : pre_init.c.obj (.text)
                  00008604    00000001                            : startup.c.obj (.text)

.text.2    0    0000b000    00000800     
                  0000b000    0000024f     device.obj (.text)
                  0000b24f    0000021f     driverlib_eabi.lib : sysctl.obj (.text:SysCtl_setClock)
                  0000b46e    000001ca     sci_ex2_loopback_interrupts.obj (.text)
                  0000b638    000000b4     sci_ex2_loopback_interrupts.obj (.text:retain)
                  0000b6ec    00000088     rts2800_fpu32_eabi.lib : fs_div28.asm.obj (.text)
                  0000b774    00000068     driverlib_eabi.lib : sysctl.obj (.text:SysCtl_getDeviceParametric)
                  0000b7dc    00000022                        : sci.obj (.text:SCI_isFIFOEnabled)
                  0000b7fe    00000002                        : interrupt.obj (.text:Interrupt_illegalOperationHandler)

MODULE SUMMARY

       Module                            code   ro data   rw data
       ------                            ----   -------   -------
    .\
       sci_ex2_loopback_interrupts.obj   638    67        5      
    +--+---------------------------------+------+---------+---------+
       Total:                            638    67        5      
                                                                 
    .\device\
       device.obj                        591    19        6      
       F2837xD_CodeStartBranch.obj       2      0         0      
    +--+---------------------------------+------+---------+---------+
       Total:                            593    19        6      
                                                                 
    C:\ti\c2000\C2000Ware_3_01_00_00\driverlib\f2837xd\driverlib\ccs\Debug\driverlib_eabi.lib
       sysctl.obj                        872    90        0      
       sci.obj                           625    175       0      
       gpio.obj                          312    176       0      
       interrupt.obj                     189    0         0      
    +--+---------------------------------+------+---------+---------+
       Total:                            1998   441       0      
                                                                 
    C:\ti\ccs1000\ccs\tools\compiler\ti-cgt-c2000_20.2.0.LTS\lib\rts2800_fpu32_eabi.lib
       fs_div28.asm.obj                  136    0         0      
       copy_decompress_lzss.c.obj        49     0         0      
       exit.c.obj                        41     0         6      
       autoinit.c.obj                    43     0         0      
       memcpy.c.obj                      29     0         0      
       boot28.asm.obj                    23     0         0      
       _lock.c.obj                       9      0         4      
       copy_zero_init.c.obj              13     0         0      
       args_main.c.obj                   12     0         0      
       copy_decompress_none.c.obj        8      0         0      
       pre_init.c.obj                    2      0         0      
       startup.c.obj                     1      0         0      
    +--+---------------------------------+------+---------+---------+
       Total:                            366    0         10     
                                                                 
       Stack:                            0      0         256    
       Linker Generated:                 0      27        0      
    +--+---------------------------------+------+---------+---------+
       Grand Total:                      3595   554       277    


LINKER GENERATED COPY TABLES

__TI_cinit_table @ 0000013c records: 2, size/record: 4, table size: 8
	.data: load addr=00000128, load size=00000009 bytes, run addr=0000aa12, run size=00000010 bytes, compression=lzss
	.bss: load addr=00000138, load size=00000004 bytes, run addr=0000aa22, run size=00000005 bytes, compression=zero_init


LINKER GENERATED HANDLER TABLE

__TI_handler_table @ 00000132 records: 3, size/record: 2, table size: 6
	index: 0, handler: __TI_zero_init
	index: 1, handler: __TI_decompress_lzss
	index: 2, handler: __TI_decompress_none


GLOBAL DATA SYMBOLS: SORTED BY DATA PAGE

address     data page           name
--------    ----------------    ----
00000400      10 (00000400)     __stack

0000aa12     2a8 (0000aa00)     Example_Result
0000aa14     2a8 (0000aa00)     Example_PassCount
0000aa16     2a8 (0000aa00)     Example_Fail
0000aa18     2a8 (0000aa00)     __TI_enable_exit_profile_output
0000aa1a     2a8 (0000aa00)     __TI_cleanup_ptr
0000aa1c     2a8 (0000aa00)     __TI_dtors_ptr
0000aa1e     2a8 (0000aa00)     _lock
0000aa20     2a8 (0000aa00)     _unlock
0000aa22     2a8 (0000aa00)     rDataA
0000aa24     2a8 (0000aa00)     sDataA
0000aa26     2a8 (0000aa00)     rDataPointA


GLOBAL SYMBOLS: SORTED ALPHABETICALLY BY Name 

page  address   name                                     
----  -------   ----                                     
0     00008430  C$$EXIT                                  
0     0000b20c  Device_configureTMXAnalogTrim            
0     0000b0b0  Device_enableAllPeripherals              
0     0000b1f6  Device_enableUnbondedGPIOPullups         
0     0000b1d3  Device_enableUnbondedGPIOPullupsFor100Pin
0     0000b1bc  Device_enableUnbondedGPIOPullupsFor176Pin
0     0000b06e  Device_init                              
0     0000b19b  Device_initGPIO                          
1     0000aa16  Example_Fail                             
1     0000aa14  Example_PassCount                        
1     0000aa12  Example_Result                           
0     0000b24e  Example_done                             
0     0000b249  Example_setResultFail                    
0     0000b244  Example_setResultPass                    
0     000083a3  GPIO_setDirectionMode                    
0     000082c8  GPIO_setMasterCore                       
0     0000805e  GPIO_setPadConfig                        
0     00008338  GPIO_setPinConfig                        
0     00008300  GPIO_setQualificationMode                
0     0000836f  Interrupt_enable                         
0     00008250  Interrupt_initModule                     
0     00008459  Interrupt_initVectorTable                
0     00008101  SCI_clearInterruptStatus                 
0     00008147  SCI_disableInterrupt                     
0     0000818d  SCI_enableInterrupt                      
0     0000828d  SCI_readCharArray                        
0     00008212  SCI_setConfig                            
0     000081d1  SCI_writeCharArray                       
0     00000123  SysCtl_delay                             
0     000080b0  SysCtl_getClock                          
0     0000b774  SysCtl_getDeviceParametric               
0     000084eb  SysCtl_getLowSpeedClock                  
0     00008000  SysCtl_selectOscSource                   
0     0000b24f  SysCtl_setClock                          
0     0000013c  __TI_CINIT_Base                          
0     00000144  __TI_CINIT_Limit                         
0     00000132  __TI_Handler_Table_Base                  
0     00000138  __TI_Handler_Table_Limit                 
1     00000500  __TI_STACK_END                           
abs   00000100  __TI_STACK_SIZE                          
0     00008405  __TI_auto_init_nobinit_nopinit           
1     0000aa1a  __TI_cleanup_ptr                         
0     000083d4  __TI_decompress_lzss                     
0     000085f8  __TI_decompress_none                     
1     0000aa1c  __TI_dtors_ptr                           
1     0000aa18  __TI_enable_exit_profile_output          
abs   ffffffff  __TI_pprof_out_hndl                      
abs   ffffffff  __TI_prof_data_size                      
abs   ffffffff  __TI_prof_data_start                     
0     000085c2  __TI_zero_init_nomemset                  
0     0000b6ec  __c28xabi_divf                           
n/a   UNDEFED   __c_args__                               
0     0000b23d  __error__                                
1     00000400  __stack                                  
0     000085cf  _args_main                               
0     00008537  _c_int00                                 
1     0000aa1e  _lock                                    
0     000085f7  _nop                                     
0     000085f3  _register_lock                           
0     000085ef  _register_unlock                         
0     00008604  _system_post_cinit                       
0     00008602  _system_pre_init                         
1     0000aa20  _unlock                                  
0     00008430  abort                                    
0     00000000  code_start                               
0     0000b5e8  error                                    
0     00008432  exit                                     
0     0000b5ee  initSCIAFIFO                             
0     0000b580  main                                     
0     00008498  memcpy                                   
1     0000aa22  rDataA                                   
1     0000aa26  rDataPointA                              
1     0000aa24  sDataA                                   
0     0000b687  sciaRXFIFOISR                            
0     0000b638  sciaTXFIFOISR                            


GLOBAL SYMBOLS: SORTED BY Symbol Address 

page  address   name                                     
----  -------   ----                                     
0     00000000  code_start                               
0     00000123  SysCtl_delay                             
0     00000132  __TI_Handler_Table_Base                  
0     00000138  __TI_Handler_Table_Limit                 
0     0000013c  __TI_CINIT_Base                          
0     00000144  __TI_CINIT_Limit                         
0     00008000  SysCtl_selectOscSource                   
0     0000805e  GPIO_setPadConfig                        
0     000080b0  SysCtl_getClock                          
0     00008101  SCI_clearInterruptStatus                 
0     00008147  SCI_disableInterrupt                     
0     0000818d  SCI_enableInterrupt                      
0     000081d1  SCI_writeCharArray                       
0     00008212  SCI_setConfig                            
0     00008250  Interrupt_initModule                     
0     0000828d  SCI_readCharArray                        
0     000082c8  GPIO_setMasterCore                       
0     00008300  GPIO_setQualificationMode                
0     00008338  GPIO_setPinConfig                        
0     0000836f  Interrupt_enable                         
0     000083a3  GPIO_setDirectionMode                    
0     000083d4  __TI_decompress_lzss                     
0     00008405  __TI_auto_init_nobinit_nopinit           
0     00008430  C$$EXIT                                  
0     00008430  abort                                    
0     00008432  exit                                     
0     00008459  Interrupt_initVectorTable                
0     00008498  memcpy                                   
0     000084eb  SysCtl_getLowSpeedClock                  
0     00008537  _c_int00                                 
0     000085c2  __TI_zero_init_nomemset                  
0     000085cf  _args_main                               
0     000085ef  _register_unlock                         
0     000085f3  _register_lock                           
0     000085f7  _nop                                     
0     000085f8  __TI_decompress_none                     
0     00008602  _system_pre_init                         
0     00008604  _system_post_cinit                       
0     0000b06e  Device_init                              
0     0000b0b0  Device_enableAllPeripherals              
0     0000b19b  Device_initGPIO                          
0     0000b1bc  Device_enableUnbondedGPIOPullupsFor176Pin
0     0000b1d3  Device_enableUnbondedGPIOPullupsFor100Pin
0     0000b1f6  Device_enableUnbondedGPIOPullups         
0     0000b20c  Device_configureTMXAnalogTrim            
0     0000b23d  __error__                                
0     0000b244  Example_setResultPass                    
0     0000b249  Example_setResultFail                    
0     0000b24e  Example_done                             
0     0000b24f  SysCtl_setClock                          
0     0000b580  main                                     
0     0000b5e8  error                                    
0     0000b5ee  initSCIAFIFO                             
0     0000b638  sciaTXFIFOISR                            
0     0000b687  sciaRXFIFOISR                            
0     0000b6ec  __c28xabi_divf                           
0     0000b774  SysCtl_getDeviceParametric               
1     00000400  __stack                                  
1     00000500  __TI_STACK_END                           
1     0000aa12  Example_Result                           
1     0000aa14  Example_PassCount                        
1     0000aa16  Example_Fail                             
1     0000aa18  __TI_enable_exit_profile_output          
1     0000aa1a  __TI_cleanup_ptr                         
1     0000aa1c  __TI_dtors_ptr                           
1     0000aa1e  _lock                                    
1     0000aa20  _unlock                                  
1     0000aa22  rDataA                                   
1     0000aa24  sDataA                                   
1     0000aa26  rDataPointA                              
abs   00000100  __TI_STACK_SIZE                          
abs   ffffffff  __TI_pprof_out_hndl                      
abs   ffffffff  __TI_prof_data_size                      
abs   ffffffff  __TI_prof_data_start                     
n/a   UNDEFED   __c_args__                               

[75 symbols]
